Component: ARM Compiler 5.06 update 4 (build 422) Tool: armlink [4d35d2]

==============================================================================

Section Cross References

    main.o(.text) refers to delay.o(.text) for delay_init
    main.o(.text) refers to sys.o(.text) for NVIC_Configuration
    main.o(.text) refers to posture.o(.text) for PostureInit
    main.o(.text) refers to timer.o(.text) for TIM4_Int_Init
    main.o(.text) refers to led.o(.text) for LED_Init
    main.o(.text) refers to ultrasonicwave.o(.text) for UltrasonicWave_Configuration
    main.o(.text) refers to eye.o(.text) for EYE_GPIO_Configuration
    main.o(.text) refers to adc.o(.text) for Init_All_Periph
    main.o(.text) refers to stm32f10x_adc.o(.text) for ADC_SoftwareStartConvCmd
    main.o(.text) refers to stm32f10x_dma.o(.text) for DMA_Cmd
    main.o(.text) refers to motor.o(.text) for MotorInit
    main.o(.text) refers to usart.o(.text) for uart_init
    main.o(.text) refers to cmdprase.o(.text) for CMDPrase
    main.o(.text) refers to posture.o(.bss) for ArmRightAngel
    main.o(.text) refers to eye.o(.data) for g_u8ExpressID
    main.o(.text) refers to ultrasonicwave.o(.data) for g_u8ObstFlg
    system_stm32f10x.o(.text) refers to system_stm32f10x.o(.data) for SystemCoreClock
    cmdprase.o(.text) refers to ring_buffer.o(.text) for RingBuffer_Insert
    cmdprase.o(.text) refers to posture.o(.text) for GetRunTime
    cmdprase.o(.text) refers to stmflash.o(.text) for STMFLASH_Write
    cmdprase.o(.text) refers to usart.o(.text) for USART4_SendStrings
    cmdprase.o(.text) refers to posture.o(.bss) for g_tCMDHeadRingBuf
    cmdprase.o(.text) refers to adc.o(.data) for After_filter
    cmdprase.o(.text) refers to eye.o(.data) for g_u8ExpressID
    cmdprase.o(.text) refers to usart.o(.bss) for g_tUSART4RxRingBuf
    cmdprase.o(.text) refers to cmdprase.o(.bss) for CMDBlk
    cmdprase.o(.text) refers to ultrasonicwave.o(.bss) for g_sonar
    cmdprase.o(.text) refers to cmdprase.o(.data) for g_u8ErrID
    led.o(.text) refers to stm32f10x_rcc.o(.text) for RCC_APB2PeriphClockCmd
    led.o(.text) refers to stm32f10x_gpio.o(.text) for GPIO_Init
    key.o(.text) refers to stm32f10x_rcc.o(.text) for RCC_APB2PeriphClockCmd
    key.o(.text) refers to stm32f10x_gpio.o(.text) for GPIO_Init
    key.o(.text) refers to delay.o(.text) for delay_ms
    key.o(.text) refers to key.o(.data) for key_up
    wdg.o(.text) refers to stm32f10x_iwdg.o(.text) for IWDG_WriteAccessCmd
    wdg.o(.text) refers to misc.o(.text) for NVIC_Init
    wdg.o(.text) refers to stm32f10x_rcc.o(.text) for RCC_APB1PeriphClockCmd
    wdg.o(.text) refers to stm32f10x_wwdg.o(.text) for WWDG_SetPrescaler
    timer.o(.text) refers to stm32f10x_rcc.o(.text) for RCC_APB1PeriphClockCmd
    timer.o(.text) refers to stm32f10x_tim.o(.text) for TIM_TimeBaseInit
    timer.o(.text) refers to misc.o(.text) for NVIC_Init
    timer.o(.text) refers to posture.o(.text) for AngelCheck
    timer.o(.text) refers to cmdprase.o(.text) for SendMsg
    timer.o(.text) refers to timer.o(.data) for time
    timer.o(.text) refers to eye.o(.data) for a
    ultrasonicwave.o(.text) refers to stm32f10x_gpio.o(.text) for GPIO_SetBits
    ultrasonicwave.o(.text) refers to stm32f10x_rcc.o(.text) for RCC_APB2PeriphClockCmd
    ultrasonicwave.o(.text) refers to misc.o(.text) for NVIC_Init
    ultrasonicwave.o(.text) refers to memseta.o(.text) for __aeabi_memclr4
    ultrasonicwave.o(.text) refers to stm32f10x_exti.o(.text) for EXTI_Init
    ultrasonicwave.o(.text) refers to softdelay.o(.text) for _delay_us
    ultrasonicwave.o(.text) refers to stm32f10x_tim.o(.text) for TIM_TimeBaseInit
    ultrasonicwave.o(.text) refers to dfltui.o(.text) for __aeabi_ui2d
    ultrasonicwave.o(.text) refers to ddiv.o(.text) for __aeabi_ddiv
    ultrasonicwave.o(.text) refers to f2d.o(.text) for __aeabi_f2d
    ultrasonicwave.o(.text) refers to dmul.o(.text) for __aeabi_dmul
    ultrasonicwave.o(.text) refers to d2f.o(.text) for __aeabi_d2f
    ultrasonicwave.o(.text) refers to ffixui.o(.text) for __aeabi_f2uiz
    ultrasonicwave.o(.text) refers to delay.o(.text) for getms
    ultrasonicwave.o(.text) refers to ultrasonicwave.o(.constdata) for g_sonar_cfg
    ultrasonicwave.o(.text) refers to ultrasonicwave.o(.bss) for g_sonar
    ultrasonicwave.o(.text) refers to ultrasonicwave.o(.data) for g_sonar_ch
    i2c.o(.text) refers to stm32f10x_rcc.o(.text) for RCC_APB2PeriphClockCmd
    i2c.o(.text) refers to stm32f10x_gpio.o(.text) for GPIO_Init
    i2c.o(.text) refers to printf8.o(i.__0printf$8) for __2printf
    i2c.o(.text) refers to memcmp.o(.text) for memcmp
    motor.o(.text) refers to stm32f10x_rcc.o(.text) for RCC_APB2PeriphClockCmd
    motor.o(.text) refers to stm32f10x_gpio.o(.text) for GPIO_Init
    motor.o(.text) refers to stm32f10x_tim.o(.text) for TIM_DeInit
    adc.o(.text) refers to stm32f10x_gpio.o(.text) for GPIO_Init
    adc.o(.text) refers to stm32f10x_rcc.o(.text) for RCC_DeInit
[...]
    printfa.o(i._fp_digits) refers to dfixul.o(.text) for __aeabi_d2ulz
    printfa.o(i._fp_digits) refers to uldiv.o(.text) for __aeabi_uldivmod
    printfa.o(i._printf_core) refers (Special) to iusefp.o(.text) for __I$use$fp
    printfa.o(i._printf_core) refers to printfa.o(i._printf_pre_padding) for _printf_pre_padding
    printfa.o(i._printf_core) refers to uldiv.o(.text) for __aeabi_uldivmod
    printfa.o(i._printf_core) refers to printfa.o(i._printf_post_padding) for _printf_post_padding
    printfa.o(i._printf_core) refers to printfa.o(i._fp_digits) for _fp_digits
    printfa.o(i._printf_core) refers to uidiv.o(.text) for __aeabi_uidivmod
    printfa.o(i._printf_post_padding) refers (Special) to iusefp.o(.text) for __I$use$fp
    printfa.o(i._printf_pre_padding) refers (Special) to iusefp.o(.text) for __I$use$fp
    printfa.o(i._snputc) refers (Special) to iusefp.o(.text) for __I$use$fp
    printfa.o(i._sputc) refers (Special) to iusefp.o(.text) for __I$use$fp
    dmul.o(.text) refers (Special) to iusefp.o(.text) for __I$use$fp
    dmul.o(.text) refers to depilogue.o(.text) for _double_epilogue
    ddiv.o(.text) refers (Special) to iusefp.o(.text) for __I$use$fp
    ddiv.o(.text) refers to depilogue.o(.text) for _double_round
    dfltui.o(.text) refers (Special) to iusefp.o(.text) for __I$use$fp
    dfltui.o(.text) refers to depilogue.o(.text) for _double_epilogue
    ffixui.o(.text) refers (Special) to iusefp.o(.text) for __I$use$fp
    f2d.o(.text) refers (Special) to iusefp.o(.text) for __I$use$fp
    d2f.o(.text) refers (Special) to iusefp.o(.text) for __I$use$fp
    d2f.o(.text) refers to fepilogue.o(.text) for _float_round
    entry2.o(.ARM.Collect$$$$00000001) refers to entry2.o(.ARM.Collect$$$$00002712) for __lit__00000000
    entry2.o(.ARM.Collect$$$$00002712) refers to startup_stm32f10x_hd.o(STACK) for __initial_sp
    entry2.o(__vectab_stack_and_reset_area) refers to startup_stm32f10x_hd.o(STACK) for __initial_sp
    entry2.o(__vectab_stack_and_reset_area) refers to entry.o(.ARM.Collect$$$$00000000) for __main
    entry5.o(.ARM.Collect$$$$00000004) refers to init.o(.text) for __scatterload
    entry9a.o(.ARM.Collect$$$$0000000B) refers to main.o(.text) for main
    entry9b.o(.ARM.Collect$$$$0000000C) refers to main.o(.text) for main
    depilogue.o(.text) refers to llshl.o(.text) for __aeabi_llsl
    depilogue.o(.text) refers to llushr.o(.text) for __aeabi_llsr
    dadd.o(.text) refers to llshl.o(.text) for __aeabi_llsl
    dadd.o(.text) refers to llsshr.o(.text) for __aeabi_lasr
    dadd.o(.text) refers to depilogue.o(.text) for _double_epilogue
    dfixul.o(.text) refers to llushr.o(.text) for __aeabi_llsr
    dfixul.o(.text) refers to llshl.o(.text) for __aeabi_llsl
    init.o(.text) refers to entry5.o(.ARM.Collect$$$$00000004) for __main_after_scatterload


==============================================================================

Removing Unused input sections from the image.

    Removing key.o(.text), (232 bytes).
    Removing key.o(.data), (1 bytes).
    Removing wdg.o(.data), (1 bytes).
    Removing i2c.o(.text), (1132 bytes).
    Removing usart.o(.data), (4 bytes).
    Removing core_cm3.o(.emb_text), (32 bytes).
    Removing startup_stm32f10x_hd.o(HEAP), (512 bytes).
    Removing stm32f10x_bkp.o(.text), (196 bytes).
    Removing stm32f10x_can.o(.text), (2544 bytes).
    Removing stm32f10x_cec.o(.text), (288 bytes).
    Removing stm32f10x_crc.o(.text), (72 bytes).
    Removing stm32f10x_dac.o(.text), (396 bytes).
    Removing stm32f10x_dbgmcu.o(.text), (48 bytes).
    Removing stm32f10x_fsmc.o(.text), (1548 bytes).
    Removing stm32f10x_i2c.o(.text), (1028 bytes).
    Removing stm32f10x_pwr.o(.text), (204 bytes).
    Removing stm32f10x_rtc.o(.text), (328 bytes).
    Removing stm32f10x_sdio.o(.text), (468 bytes).
    Removing stm32f10x_spi.o(.text), (780 bytes).
    Removing dadd.o(.text), (334 bytes).
    Removing dfixul.o(.text), (48 bytes).
    Removing cdrcmple.o(.text), (48 bytes).

22 unused section(s) (total 10244 bytes) removed from the image.

==============================================================================

Image Symbol Table

    Local Symbols

    Symbol Name                              Value     Ov Type        Size  Object(Section)

    ../clib/microlib/division.c              0x00000000   Number         0  uidiv.o ABSOLUTE
    ../clib/microlib/division.c              0x00000000   Number         0  uldiv.o ABSOLUTE
    ../clib/microlib/init/entry.s            0x00000000   Number         0  entry9b.o ABSOLUTE
    ../clib/microlib/init/entry.s            0x00000000   Number         0  entry7b.o ABSOLUTE
    ../clib/microlib/init/entry.s            0x00000000   Number         0  entry7a.o ABSOLUTE
    ../clib/microlib/init/entry.s            0x00000000   Number         0  entry5.o ABSOLUTE
    ../clib/microlib/init/entry.s            0x00000000   Number         0  entry2.o ABSOLUTE
    ../clib/microlib/init/entry.s            0x00000000   Number         0  entry8b.o ABSOLUTE
    ../clib/microlib/init/entry.s            0x00000000   Number         0  entry11b.o ABSOLUTE
    ../clib/microlib/init/entry.s            0x00000000   Number         0  entry10a.o ABSOLUTE
    ../clib/microlib/init/entry.s            0x00000000   Number         0  entry8a.o ABSOLUTE
    ../clib/microlib/init/entry.s            0x00000000   Number         0  entry11a.o ABSOLUTE
    ../clib/microlib/init/entry.s            0x00000000   Number         0  entry10b.o ABSOLUTE
    ../clib/microlib/init/entry.s            0x00000000   Number         0  entry9a.o ABSOLUTE
    ../clib/microlib/init/entry.s            0x00000000   Number         0  entry.o ABSOLUTE
    ../clib/microlib/longlong.c              0x00000000   Number         0  llushr.o ABSOLUTE
    ../clib/microlib/longlong.c              0x00000000   Number         0  llsshr.o ABSOLUTE
    ../clib/microlib/longlong.c              0x00000000   Number         0  llshl.o ABSOLUTE
    ../clib/microlib/printf/printf.c         0x00000000   Number         0  printf5.o ABSOLUTE
    ../clib/microlib/printf/printf.c         0x00000000   Number         0  printf4.o ABSOLUTE
    ../clib/microlib/printf/printf.c         0x00000000   Number         0  printf2.o ABSOLUTE
    ../clib/microlib/printf/printf.c         0x00000000   Number         0  printf3.o ABSOLUTE
    ../clib/microlib/printf/printf.c         0x00000000   Number         0  printf1.o ABSOLUTE
    ../clib/microlib/printf/printf.c         0x00000000   Number         0  printf0.o ABSOLUTE
    ../clib/microlib/printf/printf.c         0x00000000   Number         0  printfb.o ABSOLUTE
    ../clib/microlib/printf/printf.c         0x00000000   Number         0  printfa.o ABSOLUTE
    ../clib/microlib/printf/printf.c         0x00000000   Number         0  printf8.o ABSOLUTE
    ../clib/microlib/printf/printf.c         0x00000000   Number         0  printf7.o ABSOLUTE
    ../clib/microlib/printf/printf.c         0x00000000   Number         0  printf6.o ABSOLUTE
    ../clib/microlib/printf/stubs.s          0x00000000   Number         0  stubs.o ABSOLUTE
    ../clib/microlib/string/memcmp.c         0x00000000   Number         0  memcmp.o ABSOLUTE
    ../clib/microlib/string/memcpy.c         0x00000000   Number         0  memcpya.o ABSOLUTE
    ../clib/microlib/string/memcpy.c         0x00000000   Number         0  memcpyb.o ABSOLUTE
    ../clib/microlib/string/memset.c         0x00000000   Number         0  memseta.o ABSOLUTE
    ../clib/microlib/stubs.s                 0x00000000   Number         0  useno.o ABSOLUTE
    ../clib/microlib/stubs.s                 0x00000000   Number         0  iusefp.o ABSOLUTE
    ../fplib/microlib/d2f.c                  0x00000000   Number         0  d2f.o ABSOLUTE
    ../fplib/microlib/f2d.c                  0x00000000   Number         0  f2d.o ABSOLUTE
    ../fplib/microlib/fpadd.c                0x00000000   Number         0  dadd.o ABSOLUTE
    ../fplib/microlib/fpdiv.c                0x00000000   Number         0  ddiv.o ABSOLUTE
    ../fplib/microlib/fpepilogue.c           0x00000000   Number         0  fepilogue.o ABSOLUTE
    ../fplib/microlib/fpepilogue.c           0x00000000   Number         0  depilogue.o ABSOLUTE
    ../fplib/microlib/fpfix.c                0x00000000   Number         0  ffixui.o ABSOLUTE
    ../fplib/microlib/fpfix.c                0x00000000   Number         0  dfixul.o ABSOLUTE
    ../fplib/microlib/fpflt.c                0x00000000   Number         0  dfltui.o ABSOLUTE
    ../fplib/microlib/fpmul.c                0x00000000   Number         0  dmul.o ABSOLUTE
    ..\CORE\core_cm3.c                       0x00000000   Number         0  core_cm3.o ABSOLUTE
    ..\CORE\startup_stm32f10x_hd.s           0x00000000   Number         0  startup_stm32f10x_hd.o ABSOLUTE
    ..\HARDWARE\ADC\ADC.c                    0x00000000   Number         0  adc.o ABSOLUTE
    ..\HARDWARE\EYE\eye.c                    0x00000000   Number         0  eye.o ABSOLUTE
    ..\HARDWARE\IIC\i2c.c                    0x00000000   Number         0  i2c.o ABSOLUTE
    ..\HARDWARE\KEY\key.c                    0x00000000   Number         0  key.o ABSOLUTE
    ..\HARDWARE\LED\led.c                    0x00000000   Number         0  led.o ABSOLUTE
    ..\HARDWARE\Motor\Motor.c                0x00000000   Number         0  motor.o ABSOLUTE
    ..\HARDWARE\POSTURE\Posture.c            0x00000000   Number         0  posture.o ABSOLUTE
    ..\HARDWARE\STMFLASH\stmflash.c          0x00000000   Number         0  stmflash.o ABSOLUTE
    ..\HARDWARE\TIMER\timer.c                0x00000000   Number         0  timer.o ABSOLUTE
    ..\HARDWARE\UltrasonicWave\UltrasonicWave.c 0x00000000   Number         0  ultrasonicwave.o ABSOLUTE
    ..\HARDWARE\WDG\wdg.c                    0x00000000   Number         0  wdg.o ABSOLUTE
    ..\STM32F10x_FWLib\src\misc.c            0x00000000   Number         0  misc.o ABSOLUTE
    ..\STM32F10x_FWLib\src\stm32f10x_adc.c   0x00000000   Number         0  stm32f10x_adc.o ABSOLUTE
    ..\STM32F10x_FWLib\src\stm32f10x_bkp.c   0x00000000   Number         0  stm32f10x_bkp.o ABSOLUTE
    ..\STM32F10x_FWLib\src\stm32f10x_can.c   0x00000000   Number         0  stm32f10x_can.o ABSOLUTE
    ..\STM32F10x_FWLib\src\stm32f10x_cec.c   0x00000000   Number         0  stm32f10x_cec.o ABSOLUTE
    ..\STM32F10x_FWLib\src\stm32f10x_crc.c   0x00000000   Number         0  stm32f10x_crc.o ABSOLUTE
    ..\STM32F10x_FWLib\src\stm32f10x_dac.c   0x00000000   Number         0  stm32f10x_dac.o ABSOLUTE
    ..\STM32F10x_FWLib\src\stm32f10x_dbgmcu.c 0x00000000   Number         0  stm32f10x_dbgmcu.o ABSOLUTE
    ..\STM32F10x_FWLib\src\stm32f10x_dma.c   0x00000000   Number         0  stm32f10x_dma.o ABSOLUTE
    ..\STM32F10x_FWLib\src\stm32f10x_exti.c  0x00000000   Number         0  stm32f10x_exti.o ABSOLUTE
    ..\STM32F10x_FWLib\src\stm32f10x_flash.c 0x00000000   Number         0  stm32f10x_flash.o ABSOLUTE
    ..\STM32F10x_FWLib\src\stm32f10x_fsmc.c  0x00000000   Number         0  stm32f10x_fsmc.o ABSOLUTE
    ..\STM32F10x_FWLib\src\stm32f10x_gpio.c  0x00000000   Number         0  stm32f10x_gpio.o ABSOLUTE
    ..\STM32F10x_FWLib\src\stm32f10x_i2c.c   0x00000000   Number         0  stm32f10x_i2c.o ABSOLUTE
    ..\STM32F10x_FWLib\src\stm32f10x_iwdg.c  0x00000000   Number         0  stm32f10x_iwdg.o ABSOLUTE
    ..\STM32F10x_FWLib\src\stm32f10x_pwr.c   0x00000000   Number         0  stm32f10x_pwr.o ABSOLUTE
    ..\STM32F10x_FWLib\src\stm32f10x_rcc.c   0x00000000   Number         0  stm32f10x_rcc.o ABSOLUTE
    ..\STM32F10x_FWLib\src\stm32f10x_rtc.c   0x00000000   Number         0  stm32f10x_rtc.o ABSOLUTE
    ..\STM32F10x_FWLib\src\stm32f10x_sdio.c  0x00000000   Number         0  stm32f10x_sdio.o ABSOLUTE
    ..\STM32F10x_FWLib\src\stm32f10x_spi.c   0x00000000   Number         0  stm32f10x_spi.o ABSOLUTE
    ..\STM32F10x_FWLib\src\stm32f10x_tim.c   0x00000000   Number         0  stm32f10x_tim.o ABSOLUTE
    ..\STM32F10x_FWLib\src\stm32f10x_usart.c 0x00000000   Number         0  stm32f10x_usart.o ABSOLUTE
    ..\STM32F10x_FWLib\src\stm32f10x_wwdg.c  0x00000000   Number         0  stm32f10x_wwdg.o ABSOLUTE
    ..\SYSTEM\delay\delay.c                  0x00000000   Number         0  delay.o ABSOLUTE
    ..\SYSTEM\delay\softdelay.c              0x00000000   Number         0  softdelay.o ABSOLUTE
    ..\SYSTEM\sys\sys.c                      0x00000000   Number         0  sys.o ABSOLUTE
    ..\SYSTEM\usart\ring_buffer.c            0x00000000   Number         0  ring_buffer.o ABSOLUTE
    ..\SYSTEM\usart\usart.c                  0x00000000   Number         0  usart.o ABSOLUTE
    ..\\CORE\\core_cm3.c                     0x00000000   Number         0  core_cm3.o ABSOLUTE
    CmdPrase.c                               0x00000000   Number         0  cmdprase.o ABSOLUTE
    cdrcmple.s                               0x00000000   Number         0  cdrcmple.o ABSOLUTE
    dc.s                                     0x00000000   Number         0  dc.o ABSOLUTE
    handlers.s                               0x00000000   Number         0  handlers.o ABSOLUTE
    init.s                                   0x00000000   Number         0  init.o ABSOLUTE
    main.c                                   0x00000000   Number         0  main.o ABSOLUTE
    stm32f10x_it.c                           0x00000000   Number         0  stm32f10x_it.o ABSOLUTE
    system_stm32f10x.c                       0x00000000   Number         0  system_stm32f10x.o ABSOLUTE
    RESET                                    0x08000000   Section      304  startup_stm32f10x_hd.o(RESET)
    .ARM.Collect$$$$00000000                 0x08000130   Section        0  entry.o(.ARM.Collect$$$$00000000)
    .ARM.Collect$$$$00000001                 0x08000130   Section        4  entry2.o(.ARM.Collect$$$$00000001)
    .ARM.Collect$$$$00000004                 0x08000134   Section        4  entry5.o(.ARM.Collect$$$$00000004)
    .ARM.Collect$$$$00000008                 0x08000138   Section        0  entry7b.o(.ARM.Collect$$$$00000008)
    .ARM.Collect$$$$0000000A                 0x08000138   Section        0  entry8b.o(.ARM.Collect$$$$0000000A)
    .ARM.Collect$$$$0000000B                 0x08000138   Section        8  entry9a.o(.ARM.Collect$$$$0000000B)
    .ARM.Collect$$$$0000000D                 0x08000140   Section        0  entry10a.o(.ARM.Collect$$$$0000000D)
    .ARM.Collect$$$$0000000F                 0x08000140   Section        0  entry11a.o(.ARM.Collect$$$$0000000F)
    .ARM.Collect$$$$00002712                 0x08000140   Section        4  entry2.o(.ARM.Collect$$$$00002712)
    __lit__00000000                          0x08000140   Data           4  entry2.o(.ARM.Collect$$$$00002712)
    .text                                    0x08000144   Section        0  main.o(.text)
    .text                                    0x08000244   Section        0  stm32f10x_it.o(.text)
    .text                                    0x0800026c   Section        0  system_stm32f10x.o(.text)
    SetSysClockTo72                          0x0800026d   Thumb Code   214  system_stm32f10x.o(.text)
    SetSysClock                              0x08000343   Thumb Code     8  system_stm32f10x.o(.text)
    .text                                    0x0800044c   Section        0  cmdprase.o(.text)
    .text                                    0x080006d8   Section        0  led.o(.text)
    .text                                    0x08000720   Section        0  wdg.o(.text)
    .text                                    0x080007b4   Section        0  timer.o(.text)
    .text                                    0x08000900   Section        0  ultrasonicwave.o(.text)
    SONAR_TRIG                               0x08000901   Thumb Code    62  ultrasonicwave.o(.text)
    sonar_shutdown                           0x080009c7   Thumb Code    64  ultrasonicwave.o(.text)
    sonar_trigger                            0x08000a07   Thumb Code    96  ultrasonicwave.o(.text)
    SONAR_ECHO                               0x08000a67   Thumb Code    32  ultrasonicwave.o(.text)
    sonar_distance                           0x08000b95   Thumb Code   158  ultrasonicwave.o(.text)
    .text                                    0x08000e0c   Section        0  motor.o(.text)
    Head_GPIO_Init                           0x08000e0d   Thumb Code    46  motor.o(.text)
    Arm_Left_GPIO_Init                       0x08000e3b   Thumb Code    46  motor.o(.text)
    Arm_Right_GPIO_Init                      0x08000e69   Thumb Code    88  motor.o(.text)
    Chest_GPIO_Init                          0x08000ec1   Thumb Code    50  motor.o(.text)
    Waist_GPIO_Init                          0x08000ef3   Thumb Code    50  motor.o(.text)
    LIMIT_SENSOR                             0x08000f25   Thumb Code    44  motor.o(.text)
    PWM_Init                                 0x08000f51   Thumb Code   264  motor.o(.text)
    .text                                    0x080011d0   Section        0  adc.o(.text)
    .text                                    0x0800142c   Section        0  posture.o(.text)
    .text                                    0x080021c4   Section        0  stmflash.o(.text)
    .text                                    0x08002308   Section        0  eye.o(.text)
    .text                                    0x08003150   Section        0  delay.o(.text)
    enter_critical_section                   0x0800318f   Thumb Code    12  delay.o(.text)
    leave_critical_section                   0x0800319b   Thumb Code    10  delay.o(.text)
    .text                                    0x0800328c   Section        0  sys.o(.text)
    .text                                    0x080032b4   Section        0  softdelay.o(.text)
    _delay_loop                              0x080032b5   Thumb Code    16  softdelay.o(.text)
    .text                                    0x0800332c   Section        0  ring_buffer.o(.text)
    .text                                    0x08003560   Section        0  usart.o(.text)
    .text                                    0x08003694   Section       36  startup_stm32f10x_hd.o(.text)
    .text                                    0x080036b8   Section        0  misc.o(.text)
    .text                                    0x08003794   Section        0  stm32f10x_adc.o(.text)
    .text                                    0x08003be4   Section        0  stm32f10x_dma.o(.text)
    .text                                    0x08003e38   Section        0  stm32f10x_exti.o(.text)
    .text                                    0x08003f54   Section        0  stm32f10x_flash.o(.text)
    .text                                    0x08004510   Section        0  stm32f10x_gpio.o(.text)
    .text                                    0x0800486c   Section        0  stm32f10x_iwdg.o(.text)
    .text                                    0x080048ac   Section        0  stm32f10x_rcc.o(.text)
    .text                                    0x08004c50   Section        0  stm32f10x_tim.o(.text)
    TI4_Config                               0x080050f7   Thumb Code   130  stm32f10x_tim.o(.text)
    TI3_Config                               0x0800518b   Thumb Code   122  stm32f10x_tim.o(.text)
    TI2_Config                               0x0800521f   Thumb Code   130  stm32f10x_tim.o(.text)
    TI1_Config                               0x080052b3   Thumb Code   108  stm32f10x_tim.o(.text)
    .text                                    0x08005a6c   Section        0  stm32f10x_usart.o(.text)
    .text                                    0x08005e74   Section        0  stm32f10x_wwdg.o(.text)
    .text                                    0x08005efc   Section        0  uldiv.o(.text)
    .text                                    0x08005f5e   Section        0  memcpya.o(.text)
    .text                                    0x08005f82   Section        0  memseta.o(.text)
    .text                                    0x08005fa6   Section        0  dmul.o(.text)
    .text                                    0x0800608a   Section        0  ddiv.o(.text)
    .text                                    0x08006168   Section        0  dfltui.o(.text)
    .text                                    0x08006182   Section        0  ffixui.o(.text)
    .text                                    0x080061aa   Section        0  f2d.o(.text)
    .text                                    0x080061d0   Section        0  d2f.o(.text)
    .text                                    0x08006208   Section        0  llshl.o(.text)
    .text                                    0x08006226   Section        0  llushr.o(.text)
    .text                                    0x08006246   Section        0  fepilogue.o(.text)
    .text                                    0x08006246   Section        0  iusefp.o(.text)
    .text                                    0x080062b4   Section        0  depilogue.o(.text)
    .text                                    0x08006370   Section       36  init.o(.text)
    i.__scatterload_copy                     0x08006394   Section       14  handlers.o(i.__scatterload_copy)
    i.__scatterload_null                     0x080063a2   Section        2  handlers.o(i.__scatterload_null)
    i.__scatterload_zeroinit                 0x080063a4   Section       14  handlers.o(i.__scatterload_zeroinit)
    .constdata                               0x080063b4   Section       60  ultrasonicwave.o(.constdata)
    g_sonar_cfg                              0x080063b4   Data          60  ultrasonicwave.o(.constdata)
    .constdata                               0x080063f0   Section      160  eye.o(.constdata)
    .data                                    0x20000000   Section       20  system_stm32f10x.o(.data)
    .data                                    0x20000014   Section        3  cmdprase.o(.data)
    .data                                    0x20000018   Section        4  timer.o(.data)
    g_u8ARCheckTimeCnt                       0x2000001b   Data           1  timer.o(.data)
    .data                                    0x2000001c   Section        9  ultrasonicwave.o(.data)
    g_sonar_ch                               0x2000001c   Data           1  ultrasonicwave.o(.data)
    .data                                    0x20000028   Section       12  adc.o(.data)
    .data                                    0x20000034   Section        2  eye.o(.data)
    .data                                    0x20000038   Section        8  delay.o(.data)
    fac_us                                   0x20000038   Data           1  delay.o(.data)
    fac_ms                                   0x2000003a   Data           2  delay.o(.data)
    g_u32Systick_val                         0x2000003c   Data           4  delay.o(.data)
    .data                                    0x20000040   Section        4  softdelay.o(.data)
    .data                                    0x20000044   Section       20  stm32f10x_rcc.o(.data)
    APBAHBPrescTable                         0x20000044   Data          16  stm32f10x_rcc.o(.data)
    ADCPrescTable                            0x20000054   Data           4  stm32f10x_rcc.o(.data)
    .bss                                     0x20000058   Section       34  cmdprase.o(.bss)
    .bss                                     0x2000007c   Section       72  ultrasonicwave.o(.bss)
    .bss                                     0x200000c4   Section      400  adc.o(.bss)
    .bss                                     0x20000254   Section      736  posture.o(.bss)
    .bss                                     0x20000534   Section     2048  stmflash.o(.bss)
    .bss                                     0x20000d34   Section       84  usart.o(.bss)
    STACK                                    0x20000d88   Section     1024  startup_stm32f10x_hd.o(STACK)

    Global Symbols

    Symbol Name                              Value     Ov Type        Size  Object(Section)

    BuildAttributes$$THM_ISAv4$P$D$K$B$S$PE$A:L22UL41UL21$X:L11$S22US41US21$IEEE1$IW$USESV6$~STKCKD$USESV7$~SHL$OTIME$ROPI$EBA8$MICROLIB$REQ8$PRES8$EABIv2 0x00000000   Number         0  anon$$obj.o ABSOLUTE
    __ARM_use_no_argv                        0x00000000   Number         0  main.o ABSOLUTE
    __use_no_errno                           0x00000000   Number         0  useno.o ABSOLUTE
    __use_no_exception_handling              0x00000000   Number         0  useno.o ABSOLUTE
    __use_no_fp                              0x00000000   Number         0  useno.o ABSOLUTE
    __use_no_heap                            0x00000000   Number         0  useno.o ABSOLUTE
    __use_no_heap_region                     0x00000000   Number         0  useno.o ABSOLUTE
    __use_no_semihosting                     0x00000000   Number         0  useno.o ABSOLUTE
    __use_no_semihosting_swi                 0x00000000   Number         0  useno.o ABSOLUTE
    __use_no_signal_handling                 0x00000000   Number         0  useno.o ABSOLUTE
    _printf_a                                0x00000000   Number         0  stubs.o ABSOLUTE
    _printf_c                                0x00000000   Number         0  stubs.o ABSOLUTE
    _printf_charcount                        0x00000000   Number         0  stubs.o ABSOLUTE
    _printf_d                                0x00000000   Number         0  stubs.o ABSOLUTE
    _printf_e                                0x00000000   Number         0  stubs.o ABSOLUTE
    _printf_f                                0x00000000   Number         0  stubs.o ABSOLUTE
    _printf_flags                            0x00000000   Number         0  stubs.o ABSOLUTE
    _printf_fp_dec                           0x00000000   Number         0  stubs.o ABSOLUTE
    _printf_fp_hex                           0x00000000   Number         0  stubs.o ABSOLUTE
    _printf_g                                0x00000000   Number         0  stubs.o ABSOLUTE
    _printf_i                                0x00000000   Number         0  stubs.o ABSOLUTE
    _printf_int_dec                          0x00000000   Number         0  stubs.o ABSOLUTE
    _printf_l                                0x00000000   Number         0  stubs.o ABSOLUTE
    _printf_lc                               0x00000000   Number         0  stubs.o ABSOLUTE
    _printf_ll                               0x00000000   Number         0  stubs.o ABSOLUTE
    _printf_lld                              0x00000000   Number         0  stubs.o ABSOLUTE
    _printf_lli                              0x00000000   Number         0  stubs.o ABSOLUTE
    _printf_llo                              0x00000000   Number         0  stubs.o ABSOLUTE
    _printf_llu                              0x00000000   Number         0  stubs.o ABSOLUTE
    _printf_llx                              0x00000000   Number         0  stubs.o ABSOLUTE
    _printf_longlong_dec                     0x00000000   Number         0  stubs.o ABSOLUTE
    _printf_longlong_hex                     0x00000000   Number         0  stubs.o ABSOLUTE
    _printf_longlong_oct                     0x00000000   Number         0  stubs.o ABSOLUTE
    _printf_ls                               0x00000000   Number         0  stubs.o ABSOLUTE
    _printf_mbtowc                           0x00000000   Number         0  stubs.o ABSOLUTE
    _printf_n                                0x00000000   Number         0  stubs.o ABSOLUTE
    _printf_o                                0x00000000   Number         0  stubs.o ABSOLUTE
    _printf_p                                0x00000000   Number         0  stubs.o ABSOLUTE
    _printf_percent                          0x00000000   Number         0  stubs.o ABSOLUTE
    _printf_pre_padding                      0x00000000   Number         0  stubs.o ABSOLUTE
    _printf_return_value                     0x00000000   Number         0  stubs.o ABSOLUTE
    _printf_s                                0x00000000   Number         0  stubs.o ABSOLUTE
    _printf_sizespec                         0x00000000   Number         0  stubs.o ABSOLUTE
    _printf_str                              0x00000000   Number         0  stubs.o ABSOLUTE
    _printf_truncate_signed                  0x00000000   Number         0  stubs.o ABSOLUTE
    _printf_truncate_unsigned                0x00000000   Number         0  stubs.o ABSOLUTE
    _printf_u                                0x00000000   Number         0  stubs.o ABSOLUTE
    _printf_wc                               0x00000000   Number         0  stubs.o ABSOLUTE
    _printf_wctomb                           0x00000000   Number         0  stubs.o ABSOLUTE
    _printf_widthprec                        0x00000000   Number         0  stubs.o ABSOLUTE
    _printf_x                                0x00000000   Number         0  stubs.o ABSOLUTE
    __cpp_initialize__aeabi_                  - Undefined Weak Reference
    __cxa_finalize                            - Undefined Weak Reference
    __decompress                              - Undefined Weak Reference
    _clock_init                               - Undefined Weak Reference
    _microlib_exit                            - Undefined Weak Reference
    __Vectors_Size                           0x00000130   Number         0  startup_stm32f10x_hd.o ABSOLUTE
    __Vectors                                0x08000000   Data           4  startup_stm32f10x_hd.o(RESET)
    __Vectors_End                            0x08000130   Data           0  startup_stm32f10x_hd.o(RESET)
    __main                                   0x08000131   Thumb Code     0  entry.o(.ARM.Collect$$$$00000000)
    _main_stk                                0x08000131   Thumb Code     0  entry2.o(.ARM.Collect$$$$00000001)
    _main_scatterload                        0x08000135   Thumb Code     0  entry5.o(.ARM.Collect$$$$00000004)
    __main_after_scatterload                 0x08000139   Thumb Code     0  entry5.o(.ARM.Collect$$$$00000004)
    _main_clock                              0x08000139   Thumb Code     0  entry7b.o(.ARM.Collect$$$$00000008)
    _main_cpp_init                           0x08000139   Thumb Code     0  entry8b.o(.ARM.Collect$$$$0000000A)
    _main_init                               0x08000139   Thumb Code     0  entry9a.o(.ARM.Collect$$$$0000000B)
    __rt_final_cpp                           0x08000141   Thumb Code     0  entry10a.o(.ARM.Collect$$$$0000000D)
    __rt_final_exit                          0x08000141   Thumb Code     0  entry11a.o(.ARM.Collect$$$$0000000F)
    main                                     0x08000145   Thumb Code   218  main.o(.text)
    NMI_Handler                              0x08000245   Thumb Code     2  stm32f10x_it.o(.text)
    HardFault_Handler                        0x08000247   Thumb Code    16  stm32f10x_it.o(.text)
    MemManage_Handler                        0x08000257   Thumb Code     4  stm32f10x_it.o(.text)
    BusFault_Handler                         0x0800025b   Thumb Code     4  stm32f10x_it.o(.text)
    UsageFault_Handler                       0x0800025f   Thumb Code     4  stm32f10x_it.o(.text)
    SVC_Handler                              0x08000263   Thumb Code     2  stm32f10x_it.o(.text)
    DebugMon_Handler                         0x08000265   Thumb Code     2  stm32f10x_it.o(.text)
    PendSV_Handler                           0x08000267   Thumb Code     2  stm32f10x_it.o(.text)
    SystemInit                               0x0800034b   Thumb Code    78  system_stm32f10x.o(.text)
    SystemCoreClockUpdate                    0x08000399   Thumb Code   142  system_stm32f10x.o(.text)
    GetCheckSum                              0x0800044d   Thumb Code    34  cmdprase.o(.text)
    CMDActSet                                0x0800046f   Thumb Code   116  cmdprase.o(.text)
    CMDLimitSet                              0x080004e3   Thumb Code   210  cmdprase.o(.text)
    CMDObstSet                               0x080005b5   Thumb Code     2  cmdprase.o(.text)
    CMDExpressSet                            0x080005b7   Thumb Code     6  cmdprase.o(.text)
    CMDPrase                                 0x080005bd   Thumb Code   154  cmdprase.o(.text)
    SendMsg                                  0x08000657   Thumb Code    74  cmdprase.o(.text)
    LED_Init                                 0x080006d9   Thumb Code    50  led.o(.text)
    TestLEDToggle                            0x0800070b   Thumb Code    18  led.o(.text)
    IWDG_Init                                0x08000721   Thumb Code    36  wdg.o(.text)
    IWDG_Feed                                0x08000745   Thumb Code     8  wdg.o(.text)
    WWDG_NVIC_Init                           0x0800074d   Thumb Code    28  wdg.o(.text)
    WWDG_Init                                0x08000769   Thumb Code    48  wdg.o(.text)
    WWDG_Set_Counter                         0x08000799   Thumb Code    12  wdg.o(.text)
    WWDG_IRQHandler                          0x080007a5   Thumb Code    14  wdg.o(.text)
    Timerx_Init                              0x080007b5   Thumb Code    92  timer.o(.text)
    TIM2_IRQHandler                          0x08000811   Thumb Code    22  timer.o(.text)
    TIM4_Int_Init                            0x08000827   Thumb Code    90  timer.o(.text)
    TIM4_IRQHandler                          0x08000881   Thumb Code   106  timer.o(.text)
    UltrasonicWave_Configuration             0x0800093f   Thumb Code   136  ultrasonicwave.o(.text)
    EXTI15_10_IRQHandler                     0x08000a87   Thumb Code   270  ultrasonicwave.o(.text)
    sonar_heartbeat                          0x08000c33   Thumb Code   464  ultrasonicwave.o(.text)
    OpenChest                                0x08001059   Thumb Code   154  motor.o(.text)
    CloseChest                               0x080010f3   Thumb Code   156  motor.o(.text)
    MotorInit                                0x0800118f   Thumb Code    38  motor.o(.text)
    GPIO_Configuration                       0x080011d1   Thumb Code    24  adc.o(.text)
    RCC_Configuration                        0x080011e9   Thumb Code   124  adc.o(.text)
    ADC1_Configuration                       0x08001265   Thumb Code   152  adc.o(.text)
    DMA_Configuration                        0x080012fd   Thumb Code    68  adc.o(.text)
    Init_All_Periph                          0x08001341   Thumb Code    20  adc.o(.text)
    GetVolt                                  0x08001355   Thumb Code    22  adc.o(.text)
    filter                                   0x0800136b   Thumb Code   168  adc.o(.text)
    PostureInit                              0x0800142d   Thumb Code    52  posture.o(.text)
    AngelFLASHCheckAndGet                    0x08001461   Thumb Code   472  posture.o(.text)
    GetCurrAngel                             0x08001639   Thumb Code    20  posture.o(.text)
    GetStartAngel                            0x0800164d   Thumb Code   144  posture.o(.text)
    GetCurrVal                               0x080016dd   Thumb Code    48  posture.o(.text)
    GetRunTime                               0x0800170d   Thumb Code    68  posture.o(.text)
    IsARStop                                 0x08001751   Thumb Code     2  posture.o(.text)
    ARStop                                   0x08001753   Thumb Code   324  posture.o(.text)
    SetARSpeed                               0x08001897   Thumb Code    70  posture.o(.text)
    HeadRun                                  0x080018dd   Thumb Code   304  posture.o(.text)
    WaistRun                                 0x08001a0d   Thumb Code   306  posture.o(.text)
    LArmRun                                  0x08001b3f   Thumb Code   350  posture.o(.text)
    AngelCheck                               0x08001c9d   Thumb Code   348  posture.o(.text)
    RArmRun                                  0x08001df9   Thumb Code   306  posture.o(.text)
    SetARTargetPos                           0x08001f2b   Thumb Code   306  posture.o(.text)
    ARRun                                    0x0800205d   Thumb Code   330  posture.o(.text)
    HeadMotorCtl                             0x080021a7   Thumb Code     2  posture.o(.text)
    AdjustMode                               0x080021a9   Thumb Code     2  posture.o(.text)
    STMFLASH_ReadHalfWord                    0x080021c5   Thumb Code     6  stmflash.o(.text)
    STMFLASH_Write_NoCheck                   0x080021cb   Thumb Code    38  stmflash.o(.text)
    STMFLASH_Read                            0x080021f1   Thumb Code    34  stmflash.o(.text)
    STMFLASH_Write                           0x08002213   Thumb Code   222  stmflash.o(.text)
    Test_Write                               0x080022f1   Thumb Code    16  stmflash.o(.text)
    EYE_GPIO_Configuration                   0x08002309   Thumb Code    50  eye.o(.text)
    WR_595                                   0x0800233b   Thumb Code    86  eye.o(.text)
    OUT_595                                  0x08002391   Thumb Code    28  eye.o(.text)
    WR_5951                                  0x080023ad   Thumb Code    86  eye.o(.text)
    OUT_5951                                 0x08002403   Thumb Code    28  eye.o(.text)
    biaoqing10                               0x0800241f   Thumb Code   334  eye.o(.text)
    biaoqing9                                0x0800256d   Thumb Code   334  eye.o(.text)
    biaoqing8                                0x080026bb   Thumb Code   188  eye.o(.text)
    biaoqing7                                0x08002777   Thumb Code   334  eye.o(.text)
    biaoqing6                                0x080028c5   Thumb Code   334  eye.o(.text)
    biaoqing5                                0x08002a13   Thumb Code   368  eye.o(.text)
    biaoqing4                                0x08002b83   Thumb Code   334  eye.o(.text)
    biaoqing3                                0x08002cd1   Thumb Code   334  eye.o(.text)
    biaoqing2                                0x08002e1f   Thumb Code   368  eye.o(.text)
    biaoqing1                                0x08002f8f   Thumb Code   334  eye.o(.text)
    ExpressShow                              0x080030dd   Thumb Code    90  eye.o(.text)
    delay_init                               0x08003151   Thumb Code    62  delay.o(.text)
    delay_ms                                 0x080031a5   Thumb Code    56  delay.o(.text)
    delay_us                                 0x080031dd   Thumb Code    56  delay.o(.text)
    SysTick_Handler                          0x08003215   Thumb Code    12  delay.o(.text)
    getms                                    0x08003221   Thumb Code     6  delay.o(.text)
    getus                                    0x08003227   Thumb Code    78  delay.o(.text)
    NVIC_Configuration                       0x0800328d   Thumb Code    40  sys.o(.text)
    softdelay_calibrate                      0x080032c5   Thumb Code    78  softdelay.o(.text)
    _delay_us                                0x08003313   Thumb Code    18  softdelay.o(.text)
    RingBuffer_Flush                         0x0800332d   Thumb Code     8  ring_buffer.o(.text)
    RingBuffer_GetSize                       0x08003335   Thumb Code     6  ring_buffer.o(.text)
    RingBuffer_GetCount                      0x0800333b   Thumb Code    10  ring_buffer.o(.text)
    RingBuffer_GetFree                       0x08003345   Thumb Code    16  ring_buffer.o(.text)
    RingBuffer_IsFull                        0x08003355   Thumb Code    24  ring_buffer.o(.text)
    RingBuffer_IsEmpty                       0x0800336d   Thumb Code    18  ring_buffer.o(.text)
    RingBuffer_Init                          0x0800337f   Thumb Code    20  ring_buffer.o(.text)
    RingBuffer_Insert                        0x08003393   Thumb Code    54  ring_buffer.o(.text)
    RingBuffer_InsertMult                    0x080033c9   Thumb Code   176  ring_buffer.o(.text)
    RingBuffer_Pop                           0x08003479   Thumb Code    54  ring_buffer.o(.text)
    RingBuffer_PopMult                       0x080034af   Thumb Code   176  ring_buffer.o(.text)
    _sys_exit                                0x08003561   Thumb Code     6  usart.o(.text)
    fputc                                    0x08003567   Thumb Code    24  usart.o(.text)
    uart_init                                0x0800357f   Thumb Code   180  usart.o(.text)
    UART4_IRQHandler                         0x08003633   Thumb Code    38  usart.o(.text)
    USART4_SendStrings                       0x08003659   Thumb Code    44  usart.o(.text)
    Reset_Handler                            0x08003695   Thumb Code     8  startup_stm32f10x_hd.o(.text)
    ADC1_2_IRQHandler                        0x080036af   Thumb Code     0  startup_stm32f10x_hd.o(.text)
    ADC3_IRQHandler                          0x080036af   Thumb Code     0  startup_stm32f10x_hd.o(.text)
    CAN1_RX1_IRQHandler                      0x080036af   Thumb Code     0  startup_stm32f10x_hd.o(.text)
    CAN1_SCE_IRQHandler                      0x080036af   Thumb Code     0  startup_stm32f10x_hd.o(.text)
    DMA1_Channel1_IRQHandler                 0x080036af   Thumb Code     0  startup_stm32f10x_hd.o(.text)
    DMA1_Channel2_IRQHandler                 0x080036af   Thumb Code     0  startup_stm32f10x_hd.o(.text)
    DMA1_Channel3_IRQHandler                 0x080036af   Thumb Code     0  startup_stm32f10x_hd.o(.text)
    DMA1_Channel4_IRQHandler                 0x080036af   Thumb Code     0  startup_stm32f10x_hd.o(.text)
    DMA1_Channel5_IRQHandler                 0x080036af   Thumb Code     0  startup_stm32f10x_hd.o(.text)
    DMA1_Channel6_IRQHandler                 0x080036af   Thumb Code     0  startup_stm32f10x_hd.o(.text)
    DMA1_Channel7_IRQHandler                 0x080036af   Thumb Code     0  startup_stm32f10x_hd.o(.text)
    DMA2_Channel1_IRQHandler                 0x080036af   Thumb Code     0  startup_stm32f10x_hd.o(.text)
    DMA2_Channel2_IRQHandler                 0x080036af   Thumb Code     0  startup_stm32f10x_hd.o(.text)
    DMA2_Channel3_IRQHandler                 0x080036af   Thumb Code     0  startup_stm32f10x_hd.o(.text)
    DMA2_Channel4_5_IRQHandler               0x080036af   Thumb Code     0  startup_stm32f10x_hd.o(.text)
    EXTI0_IRQHandler                         0x080036af   Thumb Code     0  startup_stm32f10x_hd.o(.text)
    EXTI1_IRQHandler                         0x080036af   Thumb Code     0  startup_stm32f10x_hd.o(.text)
    EXTI2_IRQHandler                         0x080036af   Thumb Code     0  startup_stm32f10x_hd.o(.text)
    EXTI3_IRQHandler                         0x080036af   Thumb Code     0  startup_stm32f10x_hd.o(.text)
    EXTI4_IRQHandler                         0x080036af   Thumb Code     0  startup_stm32f10x_hd.o(.text)
    EXTI9_5_IRQHandler                       0x080036af   Thumb Code     0  startup_stm32f10x_hd.o(.text)
    FLASH_IRQHandler                         0x080036af   Thumb Code     0  startup_stm32f10x_hd.o(.text)
    FSMC_IRQHandler                          0x080036af   Thumb Code     0  startup_stm32f10x_hd.o(.text)
    I2C1_ER_IRQHandler                       0x080036af   Thumb Code     0  startup_stm32f10x_hd.o(.text)
    I2C1_EV_IRQHandler                       0x080036af   Thumb Code     0  startup_stm32f10x_hd.o(.text)
    I2C2_ER_IRQHandler                       0x080036af   Thumb Code     0  startup_stm32f10x_hd.o(.text)
    I2C2_EV_IRQHandler                       0x080036af   Thumb Code     0  startup_stm32f10x_hd.o(.text)
    PVD_IRQHandler                           0x080036af   Thumb Code     0  startup_stm32f10x_hd.o(.text)
    RCC_IRQHandler                           0x080036af   Thumb Code     0  startup_stm32f10x_hd.o(.text)
    RTCAlarm_IRQHandler                      0x080036af   Thumb Code     0  startup_stm32f10x_hd.o(.text)
    RTC_IRQHandler                           0x080036af   Thumb Code     0  startup_stm32f10x_hd.o(.text)
    SDIO_IRQHandler                          0x080036af   Thumb Code     0  startup_stm32f10x_hd.o(.text)
    SPI1_IRQHandler                          0x080036af   Thumb Code     0  startup_stm32f10x_hd.o(.text)
    SPI2_IRQHandler                          0x080036af   Thumb Code     0  startup_stm32f10x_hd.o(.text)
    SPI3_IRQHandler                          0x080036af   Thumb Code     0  startup_stm32f10x_hd.o(.text)
    TAMPER_IRQHandler                        0x080036af   Thumb Code     0  startup_stm32f10x_hd.o(.text)
    TIM1_BRK_IRQHandler                      0x080036af   Thumb Code     0  startup_stm32f10x_hd.o(.text)
    TIM1_CC_IRQHandler                       0x080036af   Thumb Code     0  startup_stm32f10x_hd.o(.text)
    TIM1_TRG_COM_IRQHandler                  0x080036af   Thumb Code     0  startup_stm32f10x_hd.o(.text)
    TIM1_UP_IRQHandler                       0x080036af   Thumb Code     0  startup_stm32f10x_hd.o(.text)
    TIM3_IRQHandler                          0x080036af   Thumb Code     0  startup_stm32f10x_hd.o(.text)
    TIM5_IRQHandler                          0x080036af   Thumb Code     0  startup_stm32f10x_hd.o(.text)
    TIM6_IRQHandler                          0x080036af   Thumb Code     0  startup_stm32f10x_hd.o(.text)
    TIM7_IRQHandler                          0x080036af   Thumb Code     0  startup_stm32f10x_hd.o(.text)
    TIM8_BRK_IRQHandler                      0x080036af   Thumb Code     0  startup_stm32f10x_hd.o(.text)
    TIM8_CC_IRQHandler                       0x080036af   Thumb Code     0  startup_stm32f10x_hd.o(.text)
    TIM8_TRG_COM_IRQHandler                  0x080036af   Thumb Code     0  startup_stm32f10x_hd.o(.text)
    TIM8_UP_IRQHandler                       0x080036af   Thumb Code     0  startup_stm32f10x_hd.o(.text)
    UART5_IRQHandler                         0x080036af   Thumb Code     0  startup_stm32f10x_hd.o(.text)
    USART1_IRQHandler                        0x080036af   Thumb Code     0  startup_stm32f10x_hd.o(.text)
    USART2_IRQHandler                        0x080036af   Thumb Code     0  startup_stm32f10x_hd.o(.text)
    USART3_IRQHandler                        0x080036af   Thumb Code     0  startup_stm32f10x_hd.o(.text)
    USBWakeUp_IRQHandler                     0x080036af   Thumb Code     0  startup_stm32f10x_hd.o(.text)
    USB_HP_CAN1_TX_IRQHandler                0x080036af   Thumb Code     0  startup_stm32f10x_hd.o(.text)
    USB_LP_CAN1_RX0_IRQHandler               0x080036af   Thumb Code     0  startup_stm32f10x_hd.o(.text)
    NVIC_PriorityGroupConfig                 0x080036b9   Thumb Code    10  misc.o(.text)
    NVIC_Init                                0x080036c3   Thumb Code   100  misc.o(.text)
    NVIC_SetVectorTable                      0x08003727   Thumb Code    14  misc.o(.text)
    NVIC_SystemLPConfig                      0x08003735   Thumb Code    34  misc.o(.text)
    SysTick_CLKSourceConfig                  0x08003757   Thumb Code    40  misc.o(.text)
    ADC_DeInit                               0x08003795   Thumb Code    78  stm32f10x_adc.o(.text)
    ADC_Init                                 0x080037e3   Thumb Code    70  stm32f10x_adc.o(.text)
    ADC_StructInit                           0x08003829   Thumb Code    18  stm32f10x_adc.o(.text)
    ADC_Cmd                                  0x0800383b   Thumb Code    22  stm32f10x_adc.o(.text)
    ADC_DMACmd                               0x08003851   Thumb Code    22  stm32f10x_adc.o(.text)
    ADC_ITConfig                             0x08003867   Thumb Code    24  stm32f10x_adc.o(.text)
    ADC_ResetCalibration                     0x0800387f   Thumb Code    10  stm32f10x_adc.o(.text)
    ADC_GetResetCalibrationStatus            0x08003889   Thumb Code    20  stm32f10x_adc.o(.text)
    ADC_StartCalibration                     0x0800389d   Thumb Code    10  stm32f10x_adc.o(.text)
    ADC_GetCalibrationStatus                 0x080038a7   Thumb Code    20  stm32f10x_adc.o(.text)
    ADC_SoftwareStartConvCmd                 0x080038bb   Thumb Code    22  stm32f10x_adc.o(.text)
    ADC_GetSoftwareStartConvStatus           0x080038d1   Thumb Code    20  stm32f10x_adc.o(.text)
    ADC_DiscModeChannelCountConfig           0x080038e5   Thumb Code    24  stm32f10x_adc.o(.text)
    ADC_DiscModeCmd                          0x080038fd   Thumb Code    22  stm32f10x_adc.o(.text)
    ADC_RegularChannelConfig                 0x08003913   Thumb Code   184  stm32f10x_adc.o(.text)
    ADC_ExternalTrigConvCmd                  0x080039cb   Thumb Code    22  stm32f10x_adc.o(.text)
    ADC_GetConversionValue                   0x080039e1   Thumb Code     8  stm32f10x_adc.o(.text)
    ADC_GetDualModeConversionValue           0x080039e9   Thumb Code     8  stm32f10x_adc.o(.text)
    ADC_AutoInjectedConvCmd                  0x080039f1   Thumb Code    22  stm32f10x_adc.o(.text)
    ADC_InjectedDiscModeCmd                  0x08003a07   Thumb Code    22  stm32f10x_adc.o(.text)
    ADC_ExternalTrigInjectedConvConfig       0x08003a1d   Thumb Code    16  stm32f10x_adc.o(.text)
    ADC_ExternalTrigInjectedConvCmd          0x08003a2d   Thumb Code    22  stm32f10x_adc.o(.text)
    ADC_SoftwareStartInjectedConvCmd         0x08003a43   Thumb Code    22  stm32f10x_adc.o(.text)
    ADC_GetSoftwareStartInjectedConvCmdStatus 0x08003a59   Thumb Code    20  stm32f10x_adc.o(.text)
    ADC_InjectedChannelConfig                0x08003a6d   Thumb Code   130  stm32f10x_adc.o(.text)
    ADC_InjectedSequencerLengthConfig        0x08003aef   Thumb Code    24  stm32f10x_adc.o(.text)
    ADC_SetInjectedOffset                    0x08003b07   Thumb Code    20  stm32f10x_adc.o(.text)
    ADC_GetInjectedConversionValue           0x08003b1b   Thumb Code    28  stm32f10x_adc.o(.text)
    ADC_AnalogWatchdogCmd                    0x08003b37   Thumb Code    16  stm32f10x_adc.o(.text)
    ADC_AnalogWatchdogThresholdsConfig       0x08003b47   Thumb Code     6  stm32f10x_adc.o(.text)
    ADC_AnalogWatchdogSingleChannelConfig    0x08003b4d   Thumb Code    16  stm32f10x_adc.o(.text)
    ADC_TempSensorVrefintCmd                 0x08003b5d   Thumb Code    64  stm32f10x_adc.o(.text)
    ADC_GetFlagStatus                        0x08003b9d   Thumb Code    18  stm32f10x_adc.o(.text)
    ADC_ClearFlag                            0x08003baf   Thumb Code     6  stm32f10x_adc.o(.text)
    ADC_GetITStatus                          0x08003bb5   Thumb Code    36  stm32f10x_adc.o(.text)
    ADC_ClearITPendingBit                    0x08003bd9   Thumb Code    10  stm32f10x_adc.o(.text)
    DMA_DeInit                               0x08003be5   Thumb Code   324  stm32f10x_dma.o(.text)
    DMA_Init                                 0x08003d29   Thumb Code    60  stm32f10x_dma.o(.text)
    DMA_StructInit                           0x08003d65   Thumb Code    26  stm32f10x_dma.o(.text)
    DMA_Cmd                                  0x08003d7f   Thumb Code    24  stm32f10x_dma.o(.text)
    DMA_ITConfig                             0x08003d97   Thumb Code    18  stm32f10x_dma.o(.text)
    DMA_SetCurrDataCounter                   0x08003da9   Thumb Code     4  stm32f10x_dma.o(.text)
    DMA_GetCurrDataCounter                   0x08003dad   Thumb Code     8  stm32f10x_dma.o(.text)
    DMA_GetFlagStatus                        0x08003db5   Thumb Code    40  stm32f10x_dma.o(.text)
    DMA_ClearFlag                            0x08003ddd   Thumb Code    22  stm32f10x_dma.o(.text)
    DMA_GetITStatus                          0x08003df3   Thumb Code    40  stm32f10x_dma.o(.text)
    DMA_ClearITPendingBit                    0x08003e1b   Thumb Code    22  stm32f10x_dma.o(.text)
    EXTI_DeInit                              0x08003e39   Thumb Code    28  stm32f10x_exti.o(.text)
    EXTI_Init                                0x08003e55   Thumb Code   142  stm32f10x_exti.o(.text)
    EXTI_StructInit                          0x08003ee3   Thumb Code    16  stm32f10x_exti.o(.text)
    EXTI_GenerateSWInterrupt                 0x08003ef3   Thumb Code    16  stm32f10x_exti.o(.text)
    EXTI_GetFlagStatus                       0x08003f03   Thumb Code    22  stm32f10x_exti.o(.text)
    EXTI_ClearFlag                           0x08003f19   Thumb Code     8  stm32f10x_exti.o(.text)
    EXTI_GetITStatus                         0x08003f21   Thumb Code    34  stm32f10x_exti.o(.text)
    EXTI_ClearITPendingBit                   0x08003f43   Thumb Code     8  stm32f10x_exti.o(.text)
    FLASH_SetLatency                         0x08003f55   Thumb Code    18  stm32f10x_flash.o(.text)
    FLASH_HalfCycleAccessCmd                 0x08003f67   Thumb Code    22  stm32f10x_flash.o(.text)
    FLASH_PrefetchBufferCmd                  0x08003f7d   Thumb Code    22  stm32f10x_flash.o(.text)
    FLASH_Unlock                             0x08003f93   Thumb Code    12  stm32f10x_flash.o(.text)
    FLASH_UnlockBank1                        0x08003f9f   Thumb Code    12  stm32f10x_flash.o(.text)
    FLASH_Lock                               0x08003fab   Thumb Code    14  stm32f10x_flash.o(.text)
    FLASH_LockBank1                          0x08003fb9   Thumb Code    14  stm32f10x_flash.o(.text)
    FLASH_GetBank1Status                     0x08003fc7   Thumb Code    48  stm32f10x_flash.o(.text)
    FLASH_WaitForLastOperation               0x08003ff7   Thumb Code    38  stm32f10x_flash.o(.text)
    FLASH_ErasePage                          0x0800401d   Thumb Code    72  stm32f10x_flash.o(.text)
    FLASH_EraseAllPages                      0x08004065   Thumb Code    68  stm32f10x_flash.o(.text)
    FLASH_WaitForLastBank1Operation          0x080040a9   Thumb Code    38  stm32f10x_flash.o(.text)
    FLASH_EraseAllBank1Pages                 0x080040cf   Thumb Code    68  stm32f10x_flash.o(.text)
    FLASH_GetReadOutProtectionStatus         0x08004113   Thumb Code    20  stm32f10x_flash.o(.text)
    FLASH_EraseOptionBytes                   0x08004127   Thumb Code   150  stm32f10x_flash.o(.text)
    FLASH_ProgramWord                        0x080041bd   Thumb Code   102  stm32f10x_flash.o(.text)
    FLASH_ProgramHalfWord                    0x08004223   Thumb Code    60  stm32f10x_flash.o(.text)
    FLASH_ProgramOptionByteData              0x0800425f   Thumb Code    72  stm32f10x_flash.o(.text)
    FLASH_EnableWriteProtection              0x080042a7   Thumb Code   200  stm32f10x_flash.o(.text)
    FLASH_ReadOutProtection                  0x0800436f   Thumb Code   156  stm32f10x_flash.o(.text)
    FLASH_UserOptionByteConfig               0x0800440b   Thumb Code    88  stm32f10x_flash.o(.text)
    FLASH_GetUserOptionByte                  0x08004463   Thumb Code     8  stm32f10x_flash.o(.text)
    FLASH_GetWriteProtectionOptionByte       0x0800446b   Thumb Code     6  stm32f10x_flash.o(.text)
    FLASH_GetPrefetchBufferStatus            0x08004471   Thumb Code    20  stm32f10x_flash.o(.text)
    FLASH_ITConfig                           0x08004485   Thumb Code    26  stm32f10x_flash.o(.text)
    FLASH_GetFlagStatus                      0x0800449f   Thumb Code    42  stm32f10x_flash.o(.text)
    FLASH_ClearFlag                          0x080044c9   Thumb Code     6  stm32f10x_flash.o(.text)
    FLASH_GetStatus                          0x080044cf   Thumb Code    48  stm32f10x_flash.o(.text)
    GPIO_DeInit                              0x08004511   Thumb Code   172  stm32f10x_gpio.o(.text)
    GPIO_AFIODeInit                          0x080045bd   Thumb Code    20  stm32f10x_gpio.o(.text)
    GPIO_Init                                0x080045d1   Thumb Code   278  stm32f10x_gpio.o(.text)
    GPIO_StructInit                          0x080046e7   Thumb Code    16  stm32f10x_gpio.o(.text)
    GPIO_ReadInputDataBit                    0x080046f7   Thumb Code    18  stm32f10x_gpio.o(.text)
    GPIO_ReadInputData                       0x08004709   Thumb Code     8  stm32f10x_gpio.o(.text)
    GPIO_ReadOutputDataBit                   0x08004711   Thumb Code    18  stm32f10x_gpio.o(.text)
    GPIO_ReadOutputData                      0x08004723   Thumb Code     8  stm32f10x_gpio.o(.text)
    GPIO_SetBits                             0x0800472b   Thumb Code     4  stm32f10x_gpio.o(.text)
    GPIO_ResetBits                           0x0800472f   Thumb Code     4  stm32f10x_gpio.o(.text)
    GPIO_WriteBit                            0x08004733   Thumb Code    10  stm32f10x_gpio.o(.text)
    GPIO_Write                               0x0800473d   Thumb Code     4  stm32f10x_gpio.o(.text)
    GPIO_PinLockConfig                       0x08004741   Thumb Code    18  stm32f10x_gpio.o(.text)
    GPIO_EventOutputConfig                   0x08004753   Thumb Code    26  stm32f10x_gpio.o(.text)
    GPIO_EventOutputCmd                      0x0800476d   Thumb Code     6  stm32f10x_gpio.o(.text)
    GPIO_PinRemapConfig                      0x08004773   Thumb Code   138  stm32f10x_gpio.o(.text)
    GPIO_EXTILineConfig                      0x080047fd   Thumb Code    66  stm32f10x_gpio.o(.text)
    GPIO_ETH_MediaInterfaceConfig            0x0800483f   Thumb Code     8  stm32f10x_gpio.o(.text)
    IWDG_WriteAccessCmd                      0x0800486d   Thumb Code     6  stm32f10x_iwdg.o(.text)
    IWDG_SetPrescaler                        0x08004873   Thumb Code     6  stm32f10x_iwdg.o(.text)
    IWDG_SetReload                           0x08004879   Thumb Code     6  stm32f10x_iwdg.o(.text)
    IWDG_ReloadCounter                       0x0800487f   Thumb Code    10  stm32f10x_iwdg.o(.text)
    IWDG_Enable                              0x08004889   Thumb Code    10  stm32f10x_iwdg.o(.text)
    IWDG_GetFlagStatus                       0x08004893   Thumb Code    20  stm32f10x_iwdg.o(.text)
    RCC_DeInit                               0x080048ad   Thumb Code    64  stm32f10x_rcc.o(.text)
    RCC_HSEConfig                            0x080048ed   Thumb Code    70  stm32f10x_rcc.o(.text)
    RCC_GetFlagStatus                        0x08004933   Thumb Code    56  stm32f10x_rcc.o(.text)
    RCC_WaitForHSEStartUp                    0x0800496b   Thumb Code    56  stm32f10x_rcc.o(.text)
    RCC_AdjustHSICalibrationValue            0x080049a3   Thumb Code    20  stm32f10x_rcc.o(.text)
    RCC_HSICmd                               0x080049b7   Thumb Code     6  stm32f10x_rcc.o(.text)
    RCC_PLLConfig                            0x080049bd   Thumb Code    24  stm32f10x_rcc.o(.text)
    RCC_PLLCmd                               0x080049d5   Thumb Code     6  stm32f10x_rcc.o(.text)
    RCC_SYSCLKConfig                         0x080049db   Thumb Code    18  stm32f10x_rcc.o(.text)
    RCC_GetSYSCLKSource                      0x080049ed   Thumb Code    10  stm32f10x_rcc.o(.text)
    RCC_HCLKConfig                           0x080049f7   Thumb Code    18  stm32f10x_rcc.o(.text)
    RCC_PCLK1Config                          0x08004a09   Thumb Code    18  stm32f10x_rcc.o(.text)
    RCC_PCLK2Config                          0x08004a1b   Thumb Code    20  stm32f10x_rcc.o(.text)
    RCC_ITConfig                             0x08004a2f   Thumb Code    26  stm32f10x_rcc.o(.text)
    RCC_USBCLKConfig                         0x08004a49   Thumb Code     8  stm32f10x_rcc.o(.text)
    RCC_ADCCLKConfig                         0x08004a51   Thumb Code    18  stm32f10x_rcc.o(.text)
    RCC_LSEConfig                            0x08004a63   Thumb Code    50  stm32f10x_rcc.o(.text)
    RCC_LSICmd                               0x08004a95   Thumb Code     6  stm32f10x_rcc.o(.text)
    RCC_RTCCLKConfig                         0x08004a9b   Thumb Code    12  stm32f10x_rcc.o(.text)
    RCC_RTCCLKCmd                            0x08004aa7   Thumb Code     8  stm32f10x_rcc.o(.text)
    RCC_GetClocksFreq                        0x08004aaf   Thumb Code   192  stm32f10x_rcc.o(.text)
    RCC_AHBPeriphClockCmd                    0x08004b6f   Thumb Code    26  stm32f10x_rcc.o(.text)
    RCC_APB2PeriphClockCmd                   0x08004b89   Thumb Code    26  stm32f10x_rcc.o(.text)
    RCC_APB1PeriphClockCmd                   0x08004ba3   Thumb Code    26  stm32f10x_rcc.o(.text)
    RCC_APB2PeriphResetCmd                   0x08004bbd   Thumb Code    26  stm32f10x_rcc.o(.text)
    RCC_APB1PeriphResetCmd                   0x08004bd7   Thumb Code    26  stm32f10x_rcc.o(.text)
    RCC_BackupResetCmd                       0x08004bf1   Thumb Code     8  stm32f10x_rcc.o(.text)
    RCC_ClockSecuritySystemCmd               0x08004bf9   Thumb Code     6  stm32f10x_rcc.o(.text)
    RCC_MCOConfig                            0x08004bff   Thumb Code     6  stm32f10x_rcc.o(.text)
    RCC_ClearFlag                            0x08004c05   Thumb Code    14  stm32f10x_rcc.o(.text)
    RCC_GetITStatus                          0x08004c13   Thumb Code    20  stm32f10x_rcc.o(.text)
    RCC_ClearITPendingBit                    0x08004c27   Thumb Code     6  stm32f10x_rcc.o(.text)
    TIM_DeInit                               0x08004c51   Thumb Code   424  stm32f10x_tim.o(.text)
    TIM_TimeBaseInit                         0x08004df9   Thumb Code   122  stm32f10x_tim.o(.text)
    TIM_OC1Init                              0x08004e73   Thumb Code   132  stm32f10x_tim.o(.text)
    TIM_OC2Init                              0x08004ef7   Thumb Code   154  stm32f10x_tim.o(.text)
    TIM_OC3Init                              0x08004f91   Thumb Code   150  stm32f10x_tim.o(.text)
    TIM_OC4Init                              0x08005027   Thumb Code   182  stm32f10x_tim.o(.text)
    TIM_SetIC4Prescaler                      0x080050dd   Thumb Code    26  stm32f10x_tim.o(.text)
    TIM_SetIC3Prescaler                      0x08005179   Thumb Code    18  stm32f10x_tim.o(.text)
    TIM_SetIC2Prescaler                      0x08005205   Thumb Code    26  stm32f10x_tim.o(.text)
    TIM_SetIC1Prescaler                      0x080052a1   Thumb Code    18  stm32f10x_tim.o(.text)
    TIM_ICInit                               0x0800531f   Thumb Code   150  stm32f10x_tim.o(.text)
    TIM_PWMIConfig                           0x080053b5   Thumb Code   124  stm32f10x_tim.o(.text)
    TIM_BDTRConfig                           0x08005431   Thumb Code    32  stm32f10x_tim.o(.text)
    TIM_TimeBaseStructInit                   0x08005451   Thumb Code    18  stm32f10x_tim.o(.text)
    TIM_OCStructInit                         0x08005463   Thumb Code    20  stm32f10x_tim.o(.text)
    TIM_ICStructInit                         0x08005477   Thumb Code    18  stm32f10x_tim.o(.text)
    TIM_BDTRStructInit                       0x08005489   Thumb Code    40  stm32f10x_tim.o(.text)
    TIM_Cmd                                  0x080054b1   Thumb Code    24  stm32f10x_tim.o(.text)
    TIM_CtrlPWMOutputs                       0x080054c9   Thumb Code    30  stm32f10x_tim.o(.text)
    TIM_ITConfig                             0x080054e7   Thumb Code    18  stm32f10x_tim.o(.text)
    TIM_GenerateEvent                        0x080054f9   Thumb Code     4  stm32f10x_tim.o(.text)
    TIM_DMAConfig                            0x080054fd   Thumb Code    10  stm32f10x_tim.o(.text)
    TIM_DMACmd                               0x08005507   Thumb Code    18  stm32f10x_tim.o(.text)
    TIM_InternalClockConfig                  0x08005519   Thumb Code    12  stm32f10x_tim.o(.text)
    TIM_SelectInputTrigger                   0x08005525   Thumb Code    18  stm32f10x_tim.o(.text)
    TIM_ITRxExternalClockConfig              0x08005537   Thumb Code    24  stm32f10x_tim.o(.text)
    TIM_TIxExternalClockConfig               0x0800554f   Thumb Code    62  stm32f10x_tim.o(.text)
    TIM_ETRConfig                            0x0800558d   Thumb Code    28  stm32f10x_tim.o(.text)
    TIM_ETRClockMode1Config                  0x080055a9   Thumb Code    54  stm32f10x_tim.o(.text)
    TIM_ETRClockMode2Config                  0x080055df   Thumb Code    32  stm32f10x_tim.o(.text)
    TIM_PrescalerConfig                      0x080055ff   Thumb Code     6  stm32f10x_tim.o(.text)
    TIM_CounterModeConfig                    0x08005605   Thumb Code    18  stm32f10x_tim.o(.text)
    TIM_EncoderInterfaceConfig               0x08005617   Thumb Code    66  stm32f10x_tim.o(.text)
    TIM_ForcedOC1Config                      0x08005659   Thumb Code    18  stm32f10x_tim.o(.text)
    TIM_ForcedOC2Config                      0x0800566b   Thumb Code    26  stm32f10x_tim.o(.text)
    TIM_ForcedOC3Config                      0x08005685   Thumb Code    18  stm32f10x_tim.o(.text)
    TIM_ForcedOC4Config                      0x08005697   Thumb Code    26  stm32f10x_tim.o(.text)
    TIM_ARRPreloadConfig                     0x080056b1   Thumb Code    24  stm32f10x_tim.o(.text)
    TIM_SelectCOM                            0x080056c9   Thumb Code    24  stm32f10x_tim.o(.text)
    TIM_SelectCCDMA                          0x080056e1   Thumb Code    24  stm32f10x_tim.o(.text)
    TIM_CCPreloadControl                     0x080056f9   Thumb Code    24  stm32f10x_tim.o(.text)
    TIM_OC1PreloadConfig                     0x08005711   Thumb Code    18  stm32f10x_tim.o(.text)
    TIM_OC2PreloadConfig                     0x08005723   Thumb Code    26  stm32f10x_tim.o(.text)
    TIM_OC3PreloadConfig                     0x0800573d   Thumb Code    18  stm32f10x_tim.o(.text)
    TIM_OC4PreloadConfig                     0x0800574f   Thumb Code    26  stm32f10x_tim.o(.text)
    TIM_OC1FastConfig                        0x08005769   Thumb Code    18  stm32f10x_tim.o(.text)
    TIM_OC2FastConfig                        0x0800577b   Thumb Code    26  stm32f10x_tim.o(.text)
    TIM_OC3FastConfig                        0x08005795   Thumb Code    18  stm32f10x_tim.o(.text)
    TIM_OC4FastConfig                        0x080057a7   Thumb Code    26  stm32f10x_tim.o(.text)
    TIM_ClearOC1Ref                          0x080057c1   Thumb Code    18  stm32f10x_tim.o(.text)
    TIM_ClearOC2Ref                          0x080057d3   Thumb Code    24  stm32f10x_tim.o(.text)
    TIM_ClearOC3Ref                          0x080057eb   Thumb Code    18  stm32f10x_tim.o(.text)
    TIM_ClearOC4Ref                          0x080057fd   Thumb Code    24  stm32f10x_tim.o(.text)
    TIM_OC1PolarityConfig                    0x08005815   Thumb Code    18  stm32f10x_tim.o(.text)
    TIM_OC1NPolarityConfig                   0x08005827   Thumb Code    18  stm32f10x_tim.o(.text)
    TIM_OC2PolarityConfig                    0x08005839   Thumb Code    26  stm32f10x_tim.o(.text)
    TIM_OC2NPolarityConfig                   0x08005853   Thumb Code    26  stm32f10x_tim.o(.text)
    TIM_OC3PolarityConfig                    0x0800586d   Thumb Code    26  stm32f10x_tim.o(.text)
    TIM_OC3NPolarityConfig                   0x08005887   Thumb Code    26  stm32f10x_tim.o(.text)
    TIM_OC4PolarityConfig                    0x080058a1   Thumb Code    26  stm32f10x_tim.o(.text)
    TIM_CCxCmd                               0x080058bb   Thumb Code    30  stm32f10x_tim.o(.text)
    TIM_CCxNCmd                              0x080058d9   Thumb Code    30  stm32f10x_tim.o(.text)
    TIM_SelectOCxM                           0x080058f7   Thumb Code    82  stm32f10x_tim.o(.text)
    TIM_UpdateDisableConfig                  0x08005949   Thumb Code    24  stm32f10x_tim.o(.text)
    TIM_UpdateRequestConfig                  0x08005961   Thumb Code    24  stm32f10x_tim.o(.text)
    TIM_SelectHallSensor                     0x08005979   Thumb Code    24  stm32f10x_tim.o(.text)
    TIM_SelectOnePulseMode                   0x08005991   Thumb Code    18  stm32f10x_tim.o(.text)
    TIM_SelectOutputTrigger                  0x080059a3   Thumb Code    18  stm32f10x_tim.o(.text)
    TIM_SelectSlaveMode                      0x080059b5   Thumb Code    18  stm32f10x_tim.o(.text)
    TIM_SelectMasterSlaveMode                0x080059c7   Thumb Code    18  stm32f10x_tim.o(.text)
    TIM_SetCounter                           0x080059d9   Thumb Code     4  stm32f10x_tim.o(.text)
    TIM_SetAutoreload                        0x080059dd   Thumb Code     4  stm32f10x_tim.o(.text)
    TIM_SetCompare1                          0x080059e1   Thumb Code     4  stm32f10x_tim.o(.text)
    TIM_SetCompare2                          0x080059e5   Thumb Code     4  stm32f10x_tim.o(.text)
    TIM_SetCompare3                          0x080059e9   Thumb Code     4  stm32f10x_tim.o(.text)
    TIM_SetCompare4                          0x080059ed   Thumb Code     6  stm32f10x_tim.o(.text)
    TIM_SetClockDivision                     0x080059f3   Thumb Code    18  stm32f10x_tim.o(.text)
    TIM_GetCapture1                          0x08005a05   Thumb Code     6  stm32f10x_tim.o(.text)
    TIM_GetCapture2                          0x08005a0b   Thumb Code     6  stm32f10x_tim.o(.text)
    TIM_GetCapture3                          0x08005a11   Thumb Code     6  stm32f10x_tim.o(.text)
    TIM_GetCapture4                          0x08005a17   Thumb Code     8  stm32f10x_tim.o(.text)
    TIM_GetCounter                           0x08005a1f   Thumb Code     6  stm32f10x_tim.o(.text)
    TIM_GetPrescaler                         0x08005a25   Thumb Code     6  stm32f10x_tim.o(.text)
    TIM_GetFlagStatus                        0x08005a2b   Thumb Code    18  stm32f10x_tim.o(.text)
    TIM_ClearFlag                            0x08005a3d   Thumb Code     6  stm32f10x_tim.o(.text)
    TIM_GetITStatus                          0x08005a43   Thumb Code    34  stm32f10x_tim.o(.text)
    TIM_ClearITPendingBit                    0x08005a65   Thumb Code     6  stm32f10x_tim.o(.text)
    USART_DeInit                             0x08005a6d   Thumb Code   134  stm32f10x_usart.o(.text)
    USART_Init                               0x08005af3   Thumb Code   210  stm32f10x_usart.o(.text)
    USART_StructInit                         0x08005bc5   Thumb Code    24  stm32f10x_usart.o(.text)
    USART_ClockInit                          0x08005bdd   Thumb Code    34  stm32f10x_usart.o(.text)
    USART_ClockStructInit                    0x08005bff   Thumb Code    12  stm32f10x_usart.o(.text)
    USART_Cmd                                0x08005c0b   Thumb Code    24  stm32f10x_usart.o(.text)
    USART_ITConfig                           0x08005c23   Thumb Code    74  stm32f10x_usart.o(.text)
    USART_DMACmd                             0x08005c6d   Thumb Code    18  stm32f10x_usart.o(.text)
    USART_SetAddress                         0x08005c7f   Thumb Code    18  stm32f10x_usart.o(.text)
    USART_WakeUpConfig                       0x08005c91   Thumb Code    18  stm32f10x_usart.o(.text)
    USART_ReceiverWakeUpCmd                  0x08005ca3   Thumb Code    24  stm32f10x_usart.o(.text)
    USART_LINBreakDetectLengthConfig         0x08005cbb   Thumb Code    18  stm32f10x_usart.o(.text)
    USART_LINCmd                             0x08005ccd   Thumb Code    24  stm32f10x_usart.o(.text)
    USART_SendData                           0x08005ce5   Thumb Code     8  stm32f10x_usart.o(.text)
    USART_ReceiveData                        0x08005ced   Thumb Code    10  stm32f10x_usart.o(.text)
    USART_SendBreak                          0x08005cf7   Thumb Code    10  stm32f10x_usart.o(.text)
    USART_SetGuardTime                       0x08005d01   Thumb Code    16  stm32f10x_usart.o(.text)
    USART_SetPrescaler                       0x08005d11   Thumb Code    16  stm32f10x_usart.o(.text)
    USART_SmartCardCmd                       0x08005d21   Thumb Code    24  stm32f10x_usart.o(.text)
    USART_SmartCardNACKCmd                   0x08005d39   Thumb Code    24  stm32f10x_usart.o(.text)
    USART_HalfDuplexCmd                      0x08005d51   Thumb Code    24  stm32f10x_usart.o(.text)
    USART_OverSampling8Cmd                   0x08005d69   Thumb Code    22  stm32f10x_usart.o(.text)
    USART_OneBitMethodCmd                    0x08005d7f   Thumb Code    24  stm32f10x_usart.o(.text)
    USART_IrDAConfig                         0x08005d97   Thumb Code    18  stm32f10x_usart.o(.text)
    USART_IrDACmd                            0x08005da9   Thumb Code    24  stm32f10x_usart.o(.text)
    USART_GetFlagStatus                      0x08005dc1   Thumb Code    26  stm32f10x_usart.o(.text)
    USART_ClearFlag                          0x08005ddb   Thumb Code    18  stm32f10x_usart.o(.text)
    USART_GetITStatus                        0x08005ded   Thumb Code    84  stm32f10x_usart.o(.text)
    USART_ClearITPendingBit                  0x08005e41   Thumb Code    52  stm32f10x_usart.o(.text)
    WWDG_DeInit                              0x08005e75   Thumb Code    22  stm32f10x_wwdg.o(.text)
    WWDG_SetPrescaler                        0x08005e8b   Thumb Code    18  stm32f10x_wwdg.o(.text)
    WWDG_SetWindowValue                      0x08005e9d   Thumb Code    34  stm32f10x_wwdg.o(.text)
    WWDG_EnableIT                            0x08005ebf   Thumb Code     8  stm32f10x_wwdg.o(.text)
    WWDG_SetCounter                          0x08005ec7   Thumb Code    12  stm32f10x_wwdg.o(.text)
    WWDG_Enable                              0x08005ed3   Thumb Code    12  stm32f10x_wwdg.o(.text)
    WWDG_GetFlagStatus                       0x08005edf   Thumb Code    10  stm32f10x_wwdg.o(.text)
    WWDG_ClearFlag                           0x08005ee9   Thumb Code    10  stm32f10x_wwdg.o(.text)
    __aeabi_uldivmod                         0x08005efd   Thumb Code    98  uldiv.o(.text)
    __aeabi_memcpy                           0x08005f5f   Thumb Code    36  memcpya.o(.text)
    __aeabi_memcpy4                          0x08005f5f   Thumb Code     0  memcpya.o(.text)
    __aeabi_memcpy8                          0x08005f5f   Thumb Code     0  memcpya.o(.text)
    __aeabi_memset                           0x08005f83   Thumb Code    14  memseta.o(.text)
    __aeabi_memset4                          0x08005f83   Thumb Code     0  memseta.o(.text)
    __aeabi_memset8                          0x08005f83   Thumb Code     0  memseta.o(.text)
    __aeabi_memclr                           0x08005f91   Thumb Code     4  memseta.o(.text)
    __aeabi_memclr4                          0x08005f91   Thumb Code     0  memseta.o(.text)
    __aeabi_memclr8                          0x08005f91   Thumb Code     0  memseta.o(.text)
    _memset$wrapper                          0x08005f95   Thumb Code    18  memseta.o(.text)
    __aeabi_dmul                             0x08005fa7   Thumb Code   228  dmul.o(.text)
    __aeabi_ddiv                             0x0800608b   Thumb Code   222  ddiv.o(.text)
    __aeabi_ui2d                             0x08006169   Thumb Code    26  dfltui.o(.text)
    __aeabi_f2uiz                            0x08006183   Thumb Code    40  ffixui.o(.text)
    __aeabi_f2d                              0x080061ab   Thumb Code    38  f2d.o(.text)
    __aeabi_d2f                              0x080061d1   Thumb Code    56  d2f.o(.text)
    __aeabi_llsl                             0x08006209   Thumb Code    30  llshl.o(.text)
    _ll_shift_l                              0x08006209   Thumb Code     0  llshl.o(.text)
    __aeabi_llsr                             0x08006227   Thumb Code    32  llushr.o(.text)
    _ll_ushift_r                             0x08006227   Thumb Code     0  llushr.o(.text)
    __I$use$fp                               0x08006247   Thumb Code     0  iusefp.o(.text)
    _float_round                             0x08006247   Thumb Code    18  fepilogue.o(.text)
    _float_epilogue                          0x08006259   Thumb Code    92  fepilogue.o(.text)
    _double_round                            0x080062b5   Thumb Code    30  depilogue.o(.text)
    _double_epilogue                         0x080062d3   Thumb Code   156  depilogue.o(.text)
    __scatterload                            0x08006371   Thumb Code    28  init.o(.text)
    __scatterload_rt2                        0x08006371   Thumb Code     0  init.o(.text)
    __scatterload_copy                       0x08006395   Thumb Code    14  handlers.o(i.__scatterload_copy)
    __scatterload_null                       0x080063a3   Thumb Code     2  handlers.o(i.__scatterload_null)
    __scatterload_zeroinit                   0x080063a5   Thumb Code    14  handlers.o(i.__scatterload_zeroinit)
    lie1                                     0x080063f0   Data           8  eye.o(.constdata)
    lie2                                     0x080063f8   Data           8  eye.o(.constdata)
    hang9                                    0x08006400   Data          16  eye.o(.constdata)
    hang8                                    0x08006410   Data          16  eye.o(.constdata)
    hang7                                    0x08006420   Data          16  eye.o(.constdata)
    hang6                                    0x08006430   Data          16  eye.o(.constdata)
    hang5                                    0x08006440   Data          16  eye.o(.constdata)
    hang4                                    0x08006450   Data          16  eye.o(.constdata)
    hang3                                    0x08006460   Data          16  eye.o(.constdata)
    hang2                                    0x08006470   Data          16  eye.o(.constdata)
    hang1                                    0x08006480   Data          16  eye.o(.constdata)
    Region$$Table$$Base                      0x08006490   Number         0  anon$$obj.o(Region$$Table)
    Region$$Table$$Limit                     0x080064b0   Number         0  anon$$obj.o(Region$$Table)
    SystemCoreClock                          0x20000000   Data           4  system_stm32f10x.o(.data)
    AHBPrescTable                            0x20000004   Data          16  system_stm32f10x.o(.data)
    g_u8ErrID                                0x20000014   Data           1  cmdprase.o(.data)
    g_u8ForceID                              0x20000015   Data           1  cmdprase.o(.data)
    g_u8LimitID                              0x20000016   Data           1  cmdprase.o(.data)
    time                                     0x20000018   Data           2  timer.o(.data)
    g_u8UART1SendTimeCnt                     0x2000001a   Data           1  timer.o(.data)
    g_u8ObstFlg                              0x2000001d   Data           1  ultrasonicwave.o(.data)
    g_u8ObstCheckFlg                         0x2000001e   Data           1  ultrasonicwave.o(.data)
    g_u8CmdBuf                               0x2000001f   Data           5  ultrasonicwave.o(.data)
    g_u8ObsCount                             0x20000024   Data           1  ultrasonicwave.o(.data)
    After_filter                             0x20000028   Data           8  adc.o(.data)
    nn                                       0x20000030   Data           4  adc.o(.data)
    a                                        0x20000034   Data           1  eye.o(.data)
    g_u8ExpressID                            0x20000035   Data           1  eye.o(.data)
    _ticks_per_us                            0x20000040   Data           4  softdelay.o(.data)
    CMDBlk                                   0x20000058   Data          17  cmdprase.o(.bss)
    TxCMDBlk                                 0x20000069   Data          17  cmdprase.o(.bss)
    g_sonar                                  0x2000007c   Data          72  ultrasonicwave.o(.bss)
    AD_Value                                 0x200000c4   Data         400  adc.o(.bss)
    ArmLeftAngel                             0x20000254   Data          36  posture.o(.bss)
    ArmRightAngel                            0x20000278   Data          36  posture.o(.bss)
    HeadAngel                                0x2000029c   Data          36  posture.o(.bss)
    WaistAngel                               0x200002c0   Data          36  posture.o(.bss)
    g_CMDHeadBuffer                          0x200002e4   Data         128  posture.o(.bss)
    g_CMDWaistBuffer                         0x20000364   Data         128  posture.o(.bss)
    g_CMDLArmBuffer                          0x200003e4   Data         128  posture.o(.bss)
    g_CMDRArmBuffer                          0x20000464   Data         128  posture.o(.bss)
    g_tCMDHeadRingBuf                        0x200004e4   Data          20  posture.o(.bss)
    g_tCMDWaistRingBuf                       0x200004f8   Data          20  posture.o(.bss)
    g_tCMDLArmRingBuf                        0x2000050c   Data          20  posture.o(.bss)
    g_tCMDRArmRingBuf                        0x20000520   Data          20  posture.o(.bss)
    STMFLASH_BUF                             0x20000534   Data        2048  stmflash.o(.bss)
    g_cUSART4RxBuffer                        0x20000d34   Data          64  usart.o(.bss)
    g_tUSART4RxRingBuf                       0x20000d74   Data          20  usart.o(.bss)
    __initial_sp                             0x20001188   Data           0  startup_stm32f10x_hd.o(STACK)



==============================================================================

Memory Map of the image

  Image Entry point : 0x08000131

  Load Region LR_IROM1 (Base: 0x08000000, Size: 0x00006508, Max: 0x00040000, ABSOLUTE)

    Execution Region ER_IROM1 (Base: 0x08000000, Size: 0x000064b0, Max: 0x00040000, ABSOLUTE)

    Base Addr    Size         Type   Attr      Idx    E Section Name        Object

    0x08000000   0x00000130   Data   RO          528    RESET               startup_stm32f10x_hd.o
    0x08000130   0x00000000   Code   RO          811  * .ARM.Collect$$$$00000000  mc_w.l(entry.o)
    0x08000130   0x00000004   Code   RO         1097    .ARM.Collect$$$$00000001  mc_w.l(entry2.o)
    0x08000134   0x00000004   Code   RO         1100    .ARM.Collect$$$$00000004  mc_w.l(entry5.o)
    0x08000138   0x00000000   Code   RO         1102    .ARM.Collect$$$$00000008  mc_w.l(entry7b.o)
    0x08000138   0x00000000   Code   RO         1104    .ARM.Collect$$$$0000000A  mc_w.l(entry8b.o)
    0x08000138   0x00000008   Code   RO         1105    .ARM.Collect$$$$0000000B  mc_w.l(entry9a.o)
    0x08000140   0x00000000   Code   RO         1107    .ARM.Collect$$$$0000000D  mc_w.l(entry10a.o)
    0x08000140   0x00000000   Code   RO         1109    .ARM.Collect$$$$0000000F  mc_w.l(entry11a.o)
    0x08000140   0x00000004   Code   RO         1098    .ARM.Collect$$$$00002712  mc_w.l(entry2.o)
    0x08000144   0x00000100   Code   RO            1    .text               main.o
    0x08000244   0x00000028   Code   RO          162    .text               stm32f10x_it.o
    0x0800026c   0x000001e0   Code   RO          203    .text               system_stm32f10x.o
    0x0800044c   0x0000028c   Code   RO          221    .text               cmdprase.o
    0x080006d8   0x00000048   Code   RO          241    .text               led.o
    0x08000720   0x00000092   Code   RO          266    .text               wdg.o
    0x080007b2   0x00000002   PAD
    0x080007b4   0x0000014c   Code   RO          284    .text               timer.o
    0x08000900   0x0000050c   Code   RO          304    .text               ultrasonicwave.o
    0x08000e0c   0x000003c4   Code   RO          346    .text               motor.o
    0x080011d0   0x0000025c   Code   RO          361    .text               adc.o
    0x0800142c   0x00000d98   Code   RO          380    .text               posture.o
    0x080021c4   0x00000144   Code   RO          401    .text               stmflash.o
    0x08002308   0x00000e48   Code   RO          416    .text               eye.o
    0x08003150   0x0000013c   Code   RO          435    .text               delay.o
    0x0800328c   0x00000028   Code   RO          453    .text               sys.o
    0x080032b4   0x00000078   Code   RO          465    .text               softdelay.o
    0x0800332c   0x00000232   Code   RO          480    .text               ring_buffer.o
    0x0800355e   0x00000002   PAD
    0x08003560   0x00000134   Code   RO          492    .text               usart.o
    0x08003694   0x00000024   Code   RO          529    .text               startup_stm32f10x_hd.o
    0x080036b8   0x000000dc   Code   RO          533    .text               misc.o
    0x08003794   0x0000044e   Code   RO          545    .text               stm32f10x_adc.o
    0x08003be2   0x00000002   PAD
    0x08003be4   0x00000254   Code   RO          629    .text               stm32f10x_dma.o
    0x08003e38   0x0000011c   Code   RO          641    .text               stm32f10x_exti.o
    0x08003f54   0x000005bc   Code   RO          653    .text               stm32f10x_flash.o
    0x08004510   0x0000035c   Code   RO          677    .text               stm32f10x_gpio.o
    0x0800486c   0x00000040   Code   RO          701    .text               stm32f10x_iwdg.o
    0x080048ac   0x000003a4   Code   RO          725    .text               stm32f10x_rcc.o
    0x08004c50   0x00000e1a   Code   RO          775    .text               stm32f10x_tim.o
    0x08005a6a   0x00000002   PAD
    0x08005a6c   0x00000408   Code   RO          787    .text               stm32f10x_usart.o
    0x08005e74   0x00000088   Code   RO          799    .text               stm32f10x_wwdg.o
    0x08005efc   0x00000062   Code   RO          814    .text               mc_w.l(uldiv.o)
    0x08005f5e   0x00000024   Code   RO          816    .text               mc_w.l(memcpya.o)
    0x08005f82   0x00000024   Code   RO          818    .text               mc_w.l(memseta.o)
    0x08005fa6   0x000000e4   Code   RO         1085    .text               mf_w.l(dmul.o)
    0x0800608a   0x000000de   Code   RO         1087    .text               mf_w.l(ddiv.o)
    0x08006168   0x0000001a   Code   RO         1089    .text               mf_w.l(dfltui.o)
    0x08006182   0x00000028   Code   RO         1091    .text               mf_w.l(ffixui.o)
    0x080061aa   0x00000026   Code   RO         1093    .text               mf_w.l(f2d.o)
    0x080061d0   0x00000038   Code   RO         1095    .text               mf_w.l(d2f.o)
    0x08006208   0x0000001e   Code   RO         1113    .text               mc_w.l(llshl.o)
    0x08006226   0x00000020   Code   RO         1115    .text               mc_w.l(llushr.o)
    0x08006246   0x00000000   Code   RO         1117    .text               mc_w.l(iusefp.o)
    0x08006246   0x0000006e   Code   RO         1118    .text               mf_w.l(fepilogue.o)
    0x080062b4   0x000000ba   Code   RO         1120    .text               mf_w.l(depilogue.o)
    0x0800636e   0x00000002   PAD
    0x08006370   0x00000024   Code   RO         1128    .text               mc_w.l(init.o)
    0x08006394   0x0000000e   Code   RO         1134    i.__scatterload_copy  mc_w.l(handlers.o)
    0x080063a2   0x00000002   Code   RO         1135    i.__scatterload_null  mc_w.l(handlers.o)
    0x080063a4   0x0000000e   Code   RO         1136    i.__scatterload_zeroinit  mc_w.l(handlers.o)
    0x080063b2   0x00000002   PAD
    0x080063b4   0x0000003c   Data   RO          306    .constdata          ultrasonicwave.o
    0x080063f0   0x000000a0   Data   RO          417    .constdata          eye.o
    0x08006490   0x00000020   Data   RO         1132    Region$$Table       anon$$obj.o


    Execution Region RW_IRAM1 (Base: 0x20000000, Size: 0x00001188, Max: 0x0000c000, ABSOLUTE)

    Base Addr    Size         Type   Attr      Idx    E Section Name        Object

    0x20000000   0x00000014   Data   RW          204    .data               system_stm32f10x.o
    0x20000014   0x00000003   Data   RW          223    .data               cmdprase.o
    0x20000017   0x00000001   PAD
    0x20000018   0x00000004   Data   RW          285    .data               timer.o
    0x2000001c   0x00000009   Data   RW          307    .data               ultrasonicwave.o
    0x20000025   0x00000003   PAD
    0x20000028   0x0000000c   Data   RW          363    .data               adc.o
    0x20000034   0x00000002   Data   RW          418    .data               eye.o
    0x20000036   0x00000002   PAD
    0x20000038   0x00000008   Data   RW          436    .data               delay.o
    0x20000040   0x00000004   Data   RW          466    .data               softdelay.o
    0x20000044   0x00000014   Data   RW          726    .data               stm32f10x_rcc.o
    0x20000058   0x00000022   Zero   RW          222    .bss                cmdprase.o
    0x2000007a   0x00000002   PAD
    0x2000007c   0x00000048   Zero   RW          305    .bss                ultrasonicwave.o
    0x200000c4   0x00000190   Zero   RW          362    .bss                adc.o
    0x20000254   0x000002e0   Zero   RW          381    .bss                posture.o
    0x20000534   0x00000800   Zero   RW          402    .bss                stmflash.o
    0x20000d34   0x00000054   Zero   RW          493    .bss                usart.o
    0x20000d88   0x00000400   Zero   RW          526    STACK               startup_stm32f10x_hd.o


==============================================================================

Image component sizes


      Code (inc. data)   RO Data    RW Data    ZI Data      Debug   Object Name

       604         26          0         12        400       2406   adc.o
       652         70          0          3         34       4649   cmdprase.o
         0          0          0          0          0         32   core_cm3.o
       316         24          0          8          0      17370   delay.o
      3656        130        160          2          0       6700   eye.o
        72          4          0          0          0        593   led.o
       256         38          0          0          0     284411   main.o
       220         22          0          0          0       1717   misc.o
       964         28          0          0          0       2221   motor.o
      3480        194          0          0        736       8817   posture.o
       562          0          0          0          0       3988   ring_buffer.o
       120          8          0          4          0       1288   softdelay.o
        36          8        304          0       1024        752   startup_stm32f10x_hd.o
      1102         26          0          0          0      10961   stm32f10x_adc.o
       596          8          0          0          0       4282   stm32f10x_dma.o
       284         10          0          0          0       2175   stm32f10x_exti.o
      1468         34          0          0          0       8126   stm32f10x_flash.o
       860         38          0          0          0       5649   stm32f10x_gpio.o
        40          4          0          0          0       1106   stm32f10x_it.o
        64          6          0          0          0       1237   stm32f10x_iwdg.o
       932         36          0         20          0       8788   stm32f10x_rcc.o
      3610         88          0          0          0      22760   stm32f10x_tim.o
      1032         22          0          0          0       8376   stm32f10x_usart.o
       136         10          0          0          0       2212   stm32f10x_wwdg.o
       324          8          0          0       2048       2602   stmflash.o
        40          0          0          0          0        461   sys.o
       480         38          0         20          0       1611   system_stm32f10x.o
       332         22          0          4          0       1520   timer.o
      1292         42         60          9         72       4787   ultrasonicwave.o
       308         16          0          0         84       3343   usart.o
       146          0          0          0          0       1356   wdg.o

    ----------------------------------------------------------------------
     23992        960        556         88       4400     426296   Object Totals
         0          0         32          0          0          0   (incl. Generated)
         8          0          0          6          2          0   (incl. Padding)

    ----------------------------------------------------------------------

      Code (inc. data)   RO Data    RW Data    ZI Data      Debug   Library Member Name

         0          0          0          0          0          0   entry.o
         0          0          0          0          0          0   entry10a.o
         0          0          0          0          0          0   entry11a.o
         8          4          0          0          0          0   entry2.o
         4          0          0          0          0          0   entry5.o
         0          0          0          0          0          0   entry7b.o
         0          0          0          0          0          0   entry8b.o
         8          4          0          0          0          0   entry9a.o
        30          0          0          0          0          0   handlers.o
        36          8          0          0          0         68   init.o
         0          0          0          0          0          0   iusefp.o
        30          0          0          0          0         68   llshl.o
        32          0          0          0          0         68   llushr.o
        36          0          0          0          0         68   memcpya.o
        36          0          0          0          0        108   memseta.o
        98          0          0          0          0         92   uldiv.o
        56          0          0          0          0         88   d2f.o
       222          0          0          0          0        100   ddiv.o
       186          0          0          0          0        176   depilogue.o
        26          0          0          0          0         76   dfltui.o
       228          0          0          0          0         96   dmul.o
        38          0          0          0          0         68   f2d.o
       110          0          0          0          0        168   fepilogue.o
        40          0          0          0          0         68   ffixui.o

    ----------------------------------------------------------------------
      1228         16          0          0          0       1312   Library Totals
         4          0          0          0          0          0   (incl. Padding)

    ----------------------------------------------------------------------

      Code (inc. data)   RO Data    RW Data    ZI Data      Debug   Library Name

       318         16          0          0          0        472   mc_w.l
       906          0          0          0          0        840   mf_w.l

    ----------------------------------------------------------------------
      1228         16          0          0          0       1312   Library Totals

    ----------------------------------------------------------------------

==============================================================================


      Code (inc. data)   RO Data    RW Data    ZI Data      Debug   

     25220        976        556         88       4400     423964   Grand Totals
     25220        976        556         88       4400     423964   ELF Image Totals
     25220        976        556         88          0          0   ROM Totals

==============================================================================

    Total RO  Size (Code + RO Data)                25776 (  25.17kB)
    Total RW  Size (RW Data + ZI Data)              4488 (   4.38kB)
    Total ROM Size (Code + RO Data + RW Data)      25864 (  25.26kB)

==============================================================================

